******************************************************************************
                  TI ARM Linker PC v16.9.3                     
******************************************************************************
>> Linked Thu Oct 26 14:10:50 2017

OUTPUT FILE NAME:   <ece3849b17_lab0_tnorris.out>
ENTRY POINT SYMBOL: "_c_int00"  address: 0000323d


MEMORY CONFIGURATION

         name            origin    length      used     unused   attr    fill
----------------------  --------  ---------  --------  --------  ----  --------
  FLASH                 00000000   00100000  00004238  000fbdc8  R  X
  SRAM                  20000000   00040000  0000887e  00037782  RW X


SEGMENT ALLOCATION MAP

run origin  load origin   length   init length attrs members
----------  ----------- ---------- ----------- ----- -------
00000000    00000000    00004238   00004238    r-x
  00000000    00000000    00000208   00000208    r-- .intvecs
  00000208    00000208    00003794   00003794    r-x .text
  0000399c    0000399c    0000085c   0000085c    r-- .const
  000041f8    000041f8    00000040   00000040    r-- .cinit
20000000    20000000    0000887e   00000000    rw-
  20000000    20000000    00008054   00000000    rw- .data
  20008054    20008054    00000800   00000000    rw- .stack
  20008854    20008854    0000002a   00000000    rw- .bss


SECTION ALLOCATION MAP

 output                                  attributes/
section   page    origin      length       input sections
--------  ----  ----------  ----------   ----------------
.intvecs   0    00000000    00000208     
                  00000000    00000208     tm4c1294ncpdt_startup_ccs.obj (.intvecs)

.text      0    00000208    00003794     
                  00000208    0000113e     rtsv7M4_T_le_v4SPD16_eabi.lib : _printfi.obj (.text)
                  00001346    00000002                                   : mpu_init.obj (.text)
                  00001348    0000044c     buttons.obj (.text)
                  00001794    00000004     driverlib.lib : timer.obj (.text:TimerIntClear)
                  00001798    0000040c     Crystalfontz128x128_ST7735.obj (.text)
                  00001ba4    00000256     grlib.lib : string.obj (.text:GrFontGlyphRender)
                  00001dfa    00000002     rtsv7M4_T_le_v4SPD16_eabi.lib : startup.obj (.text)
                  00001dfc    00000204     driverlib.lib : sysctl.obj (.text:SysCtlClockFreqSet)
                  00002000    000001f4     rtsv7M4_T_le_v4SPD16_eabi.lib : ull_div_t2.obj (.text)
                  000021f4    000001b6                                   : fd_add_t2.obj (.text)
                  000023aa    00000006     driverlib.lib : gpio.obj (.text:GPIOPinRead)
                  000023b0    0000017e     HAL_EK_TM4C1294XL_Crystalfontz128x128_ST7735.obj (.text)
                  0000252e    00000002     --HOLE-- [fill = 0]
                  00002530    00000168     main.obj (.text)
                  00002698    00000136     rtsv7M4_T_le_v4SPD16_eabi.lib : fd_div_t2.obj (.text)
                  000027ce    00000130     driverlib.lib : gpio.obj (.text:GPIOPadConfigSet)
                  000028fe    000000fc     rtsv7M4_T_le_v4SPD16_eabi.lib : fd_mul_t2.obj (.text)
                  000029fa    00000002     --HOLE-- [fill = 0]
                  000029fc    000000fc                                   : s_scalbn.obj (.text)
                  00002af8    000000c4     grlib.lib : string.obj (.text:GrDefaultStringRenderer)
                  00002bbc    0000009c     rtsv7M4_T_le_v4SPD16_eabi.lib : memcpy_t2.obj (.text)
                  00002c58    00000094                                   : snprintf.obj (.text)
                  00002cec    00000086     grlib.lib : rectangle.obj (.text:GrRectFill)
                  00002d72    00000086     rtsv7M4_T_le_v4SPD16_eabi.lib : fd_cmp_t2.obj (.text:__aeabi_cdcmple)
                  00002df8    00000086                                   : fd_cmp_t2.obj (.text:__aeabi_cdrcmple)
                  00002e7e    0000007a     driverlib.lib : adc.obj (.text:ADCSequenceStepConfigure)
                  00002ef8    0000007a     rtsv7M4_T_le_v4SPD16_eabi.lib : memset_t2.obj (.text)
                  00002f72    00000002     --HOLE-- [fill = 0]
                  00002f74    00000070                                   : autoinit.obj (.text)
                  00002fe4    00000068     grlib.lib : context.obj (.text:GrContextInit)
                  0000304c    00000068     driverlib.lib : interrupt.obj (.text:IntEnable)
                  000030b4    00000068     rtsv7M4_T_le_v4SPD16_eabi.lib : copy_decompress_lzss.obj (.text:decompress:lzss)
                  0000311c    00000064                                   : s_frexp.obj (.text)
                  00003180    00000060     driverlib.lib : timer.obj (.text:TimerConfigure)
                  000031e0    0000005a     grlib.lib : string.obj (.text:FontWideGlyphDataGet)
                  0000323a    00000002     --HOLE-- [fill = 0]
                  0000323c    00000054     rtsv7M4_T_le_v4SPD16_eabi.lib : boot.obj (.text)
                  00003290    00000054                                   : exit.obj (.text)
                  000032e4    00000054                                   : ltoa.obj (.text)
                  00003338    0000004c                                   : atoi.obj (.text)
                  00003384    0000004c                                   : cpy_tbl.obj (.text)
                  000033d0    0000004a     grlib.lib : string.obj (.text:UpdateContextCharMapping)
                  0000341a    00000002     --HOLE-- [fill = 0]
                  0000341c    00000048     driverlib.lib : gpio.obj (.text:GPIOPinConfigure)
                  00003464    00000048                   : sysctl.obj (.text:_SysCtlFrequencyGet)
                  000034ac    00000048     rtsv7M4_T_le_v4SPD16_eabi.lib : fd_toi_t2.obj (.text)
                  000034f4    0000003e     driverlib.lib : adc.obj (.text:ADCSequenceConfigure)
                  00003532    0000003c                   : ssi.obj (.text:SSIConfigSetExpClk)
                  0000356e    0000003a     grlib.lib : string.obj (.text:FontGlyphDataGet)
                  000035a8    00000034     driverlib.lib : sysctl.obj (.text:SysCtlPeripheralEnable)
                  000035dc    0000002e                   : adc.obj (.text:ADCIntStatus)
                  0000360a    0000002e     grlib.lib : string.obj (.text:GrStringNextCharGet)
                  00003638    0000002e     rtsv7M4_T_le_v4SPD16_eabi.lib : i_tofd_t2.obj (.text)
                  00003666    0000002a     driverlib.lib : gpio.obj (.text:GPIODirModeSet)
                  00003690    00000026     grlib.lib : string.obj (.text:GrFontInfoGet)
                  000036b6    00000002     --HOLE-- [fill = 0]
                  000036b8    00000024     driverlib.lib : interrupt.obj (.text:IntPrioritySet)
                  000036dc    00000022     grlib.lib : string.obj (.text:GrFontGlyphDataGet)
                  000036fe    0000001e     driverlib.lib : adc.obj (.text:ADCSequenceDataGet)
                  0000371c    0000001e     grlib.lib : string.obj (.text:GrFontCodepageGet)
                  0000373a    00000002     --HOLE-- [fill = 0]
                  0000373c    0000001c     driverlib.lib : sysctl.obj (.text:_SysCtlMemTimingGet)
                  00003758    0000001c     rtsv7M4_T_le_v4SPD16_eabi.lib : memccpy.obj (.text)
                  00003774    00000004                                   : pre_init.obj (.text)
                  00003778    0000001a     tm4c1294ncpdt_startup_ccs.obj (.text)
                  00003792    00000018     driverlib.lib : adc.obj (.text:ADCClockConfigSet)
                  000037aa    00000018                   : adc.obj (.text:ADCProcessorTrigger)
                  000037c2    00000018                   : gpio.obj (.text:GPIOPinTypeGPIOOutput)
                  000037da    00000002     --HOLE-- [fill = 0]
                  000037dc    00000018     rtsv7M4_T_le_v4SPD16_eabi.lib : args_main.obj (.text)
                  000037f4    00000016     grlib.lib : string.obj (.text:GrStringDraw)
                  0000380a    00000016     rtsv7M4_T_le_v4SPD16_eabi.lib : strchr.obj (.text)
                  00003820    00000014     driverlib.lib : timer.obj (.text:TimerDisable)
                  00003834    00000014     rtsv7M4_T_le_v4SPD16_eabi.lib : _lock.obj (.text)
                  00003848    00000014                                   : s_copysign.obj (.text)
                  0000385c    00000014                                   : strlen.obj (.text)
                  00003870    00000012     driverlib.lib : gpio.obj (.text:GPIOPinTypeADC)
                  00003882    00000012                   : gpio.obj (.text:GPIOPinTypeGPIOInput)
                  00003894    00000012                   : gpio.obj (.text:GPIOPinTypeSSI)
                  000038a6    00000012                   : timer.obj (.text:TimerLoadSet)
                  000038b8    00000010                   : fpu.obj (.text:FPUEnable)
                  000038c8    00000010                   : fpu.obj (.text:FPULazyStackingEnable)
                  000038d8    00000010                   : interrupt.obj (.text:IntMasterDisable)
                  000038e8    00000010                   : interrupt.obj (.text:IntMasterEnable)
                  000038f8    0000000e                   : adc.obj (.text:ADCSequenceDisable)
                  00003906    0000000e                   : adc.obj (.text:ADCSequenceEnable)
                  00003914    0000000e                   : timer.obj (.text:TimerEnable)
                  00003922    0000000e     rtsv7M4_T_le_v4SPD16_eabi.lib : copy_decompress_none.obj (.text:decompress:none)
                  00003930    0000000c     driverlib.lib : cpu.obj (.text:CPUcpsid)
                  0000393c    0000000c                   : cpu.obj (.text:CPUcpsie)
                  00003948    0000000c     rtsv7M4_T_le_v4SPD16_eabi.lib : copy_zero_init.obj (.text:decompress:ZI)
                  00003954    0000000a     driverlib.lib : adc.obj (.text:ADCIntClear)
                  0000395e    0000000a                   : ssi.obj (.text:SSIDataPut)
                  00003968    0000000a                   : ssi.obj (.text:SSIEnable)
                  00003972    00000008     grlib.lib : charmap.obj (.text:GrMapISO8859_1_Unicode)
                  0000397a    00000008     driverlib.lib : ssi.obj (.text:SSIBusy)
                  00003982    00000008                   : timer.obj (.text:TimerIntEnable)
                  0000398a    00000006                   : gpio.obj (.text:GPIOPinWrite)
                  00003990    00000006     grlib.lib : string.obj (.text:GrContextFontSet)
                  00003996    00000006     driverlib.lib : sysctl.obj (.text:SysCtlDelay)

.const     0    0000399c    0000085c     
                  0000399c    000002f8     grlib.lib : fontfixed6x8.obj (.const:.string:g_pui8FontFixed6x8Data)
                  00003c94    00000120     driverlib.lib : sysctl.obj (.const:g_pppui32XTALtoVCO)
                  00003db4    00000101     rtsv7M4_T_le_v4SPD16_eabi.lib : ctype.obj (.const:.string:_ctypes_)
                  00003eb5    00000003     --HOLE-- [fill = 0]
                  00003eb8    000000c8     grlib.lib : fontfixed6x8.obj (.const:g_sFontFixed6x8)
                  00003f80    0000009c     driverlib.lib : interrupt.obj (.const:g_pui32Regs)
                  0000401c    00000090                   : gpio.obj (.const:g_pui32GPIOBaseAddrs)
                  000040ac    00000070                   : interrupt.obj (.const)
                  0000411c    0000006c                   : sysctl.obj (.const:g_pui32Xtals)
                  00004188    00000030                   : sysctl.obj (.const:g_sXTALtoMEMTIM)
                  000041b8    00000028     Crystalfontz128x128_ST7735.obj (.const:g_sCrystalfontz128x128)
                  000041e0    00000010     grlib.lib : context.obj (.const)
                  000041f0    00000008     driverlib.lib : sysctl.obj (.const)

.cinit     0    000041f8    00000040     
                  000041f8    0000001a     (.cinit..data.load) [load image, compression = lzss]
                  00004212    00000002     --HOLE-- [fill = 0]
                  00004214    0000000c     (__TI_handler_table)
                  00004220    00000008     (.cinit..bss.load) [load image, compression = zero_init]
                  00004228    00000010     (__TI_cinit_table)

.init_array 
*          0    00000000    00000000     UNINITIALIZED

.data      0    20000000    00008054     UNINITIALIZED
                  20000000    00008000     Crystalfontz128x128_ST7735.obj (.data:Lcd_buffer)
                  20008000    00000024     buttons.obj (.data:count$2)
                  20008024    0000000c     rtsv7M4_T_le_v4SPD16_eabi.lib : exit.obj (.data:$O1$$)
                  20008030    00000008                                   : _lock.obj (.data:$O1$$)
                  20008038    00000008     buttons.obj (.data:gJoystick)
                  20008040    00000006     buttons.obj (.data)
                  20008046    00000002     --HOLE--
                  20008048    00000004     main.obj (.data)
                  2000804c    00000004     rtsv7M4_T_le_v4SPD16_eabi.lib : errno.obj (.data)
                  20008050    00000004                                   : stkdepth_vars.obj (.data)

.stack     0    20008054    00000800     UNINITIALIZED
                  20008054    00000800     --HOLE--

.bss       0    20008854    0000002a     UNINITIALIZED
                  20008854    00000014     buttons.obj (.bss:state$1)
                  20008868    00000004     (.common:gADCSamplingRate)
                  2000886c    00000004     (.common:gSystemClock)
                  20008870    00000004     (.common:g_psGrLibDefaults)
                  20008874    00000002     (.common:Lcd_ScreenHeigth)
                  20008876    00000002     (.common:Lcd_ScreenWidth)
                  20008878    00000002     (.common:Lcd_TouchTrim)
                  2000887a    00000001     (.common:Lcd_FlagRead)
                  2000887b    00000001     (.common:Lcd_FontSolid)
                  2000887c    00000001     (.common:Lcd_Orientation)
                  2000887d    00000001     (.common:Lcd_PenSolid)

MODULE SUMMARY

       Module                                             code    ro data   rw data
       ------                                             ----    -------   -------
    .\
       Crystalfontz128x128_ST7735.obj                     1036    40        32778  
       buttons.obj                                        1100    0         74     
       tm4c1294ncpdt_startup_ccs.obj                      26      520       0      
       HAL_EK_TM4C1294XL_Crystalfontz128x128_ST7735.obj   382     0         0      
       main.obj                                           360     0         8      
    +--+--------------------------------------------------+-------+---------+---------+
       Total:                                             2904    560       32860  
                                                                                   
    C:/ti/tirtos_tivac_2_16_00_08/products/TivaWare_C_Series-2.1.1.71b/driverlib/ccs/Debug/driverlib.lib
       sysctl.obj                                         674     452       0      
       gpio.obj                                           508     144       0      
       interrupt.obj                                      172     268       0      
       adc.obj                                            346     0         0      
       timer.obj                                          160     0         0      
       ssi.obj                                            88      0         0      
       fpu.obj                                            32      0         0      
       cpu.obj                                            24      0         0      
    +--+--------------------------------------------------+-------+---------+---------+
       Total:                                             2004    864       0      
                                                                                   
    C:/ti/tirtos_tivac_2_16_00_08/products/TivaWare_C_Series-2.1.1.71b/grlib/ccs/Debug/grlib.lib
       string.obj                                         1192    0         0      
       fontfixed6x8.obj                                   0       960       0      
       rectangle.obj                                      134     0         0      
       context.obj                                        104     16        4      
       charmap.obj                                        8       0         0      
    +--+--------------------------------------------------+-------+---------+---------+
       Total:                                             1438    976       4      
                                                                                   
    C:\ti\ccsv7\tools\compiler\ti-cgt-arm_16.9.3.LTS\lib\rtsv7M4_T_le_v4SPD16_eabi.lib
       _printfi.obj                                       4414    0         0      
       ull_div_t2.obj                                     500     0         0      
       fd_add_t2.obj                                      438     0         0      
       fd_div_t2.obj                                      310     0         0      
       fd_cmp_t2.obj                                      268     0         0      
       ctype.obj                                          0       257       0      
       fd_mul_t2.obj                                      252     0         0      
       s_scalbn.obj                                       252     0         0      
       memcpy_t2.obj                                      156     0         0      
       snprintf.obj                                       148     0         0      
       memset_t2.obj                                      122     0         0      
       autoinit.obj                                       112     0         0      
       copy_decompress_lzss.obj                           104     0         0      
       s_frexp.obj                                        100     0         0      
       exit.obj                                           84      0         12     
       boot.obj                                           84      0         0      
       ltoa.obj                                           84      0         0      
       atoi.obj                                           76      0         0      
       cpy_tbl.obj                                        76      0         0      
       fd_toi_t2.obj                                      72      0         0      
       i_tofd_t2.obj                                      46      0         0      
       _lock.obj                                          20      0         8      
       memccpy.obj                                        28      0         0      
       args_main.obj                                      24      0         0      
       strchr.obj                                         22      0         0      
       s_copysign.obj                                     20      0         0      
       strlen.obj                                         20      0         0      
       copy_decompress_none.obj                           14      0         0      
       copy_zero_init.obj                                 12      0         0      
       errno.obj                                          0       0         4      
       pre_init.obj                                       4       0         0      
       stkdepth_vars.obj                                  0       0         4      
       mpu_init.obj                                       2       0         0      
       startup.obj                                        2       0         0      
    +--+--------------------------------------------------+-------+---------+---------+
       Total:                                             7866    257       28     
                                                                                   
       Stack:                                             0       0         2048   
       Linker Generated:                                  0       62        0      
    +--+--------------------------------------------------+-------+---------+---------+
       Grand Total:                                       14212   2719      34940  


LINKER GENERATED COPY TABLES

__TI_cinit_table @ 00004228 records: 2, size/record: 8, table size: 16
	.data: load addr=000041f8, load size=0000001a bytes, run addr=20000000, run size=00008054 bytes, compression=lzss
	.bss: load addr=00004220, load size=00000008 bytes, run addr=20008854, run size=0000002a bytes, compression=zero_init


LINKER GENERATED HANDLER TABLE

__TI_handler_table @ 00004214 records: 3, size/record: 4, table size: 12
	index: 0, handler: __TI_decompress_lzss
	index: 1, handler: __TI_decompress_none
	index: 2, handler: __TI_zero_init


GLOBAL SYMBOLS: SORTED ALPHABETICALLY BY Name 

address   name                              
-------   ----                              
00003793  ADCClockConfigSet                 
00003955  ADCIntClear                       
000035dd  ADCIntStatus                      
000037ab  ADCProcessorTrigger               
000034f5  ADCSequenceConfigure              
000036ff  ADCSequenceDataGet                
000038f9  ADCSequenceDisable                
00003907  ADCSequenceEnable                 
00002e7f  ADCSequenceStepConfigure          
00001641  ButtonAutoRepeat                  
000014f1  ButtonDebounce                    
000016c1  ButtonISR                         
00001349  ButtonInit                        
00001561  ButtonReadJoystick                
00003291  C$$EXIT                           
00003931  CPUcpsid                          
0000393d  CPUcpsie                          
00001799  Crystalfontz128x128_Init          
00001861  Crystalfontz128x128_SetDrawFrame  
00001901  Crystalfontz128x128_SetOrientation
000038b9  FPUEnable                         
000038c9  FPULazyStackingEnable             
00003667  GPIODirModeSet                    
000027cf  GPIOPadConfigSet                  
0000341d  GPIOPinConfigure                  
000023ab  GPIOPinRead                       
00003871  GPIOPinTypeADC                    
00003883  GPIOPinTypeGPIOInput              
000037c3  GPIOPinTypeGPIOOutput             
00003895  GPIOPinTypeSSI                    
0000398b  GPIOPinWrite                      
00003991  GrContextFontSet                  
00002fe5  GrContextInit                     
00002af9  GrDefaultStringRenderer           
0000371d  GrFontCodepageGet                 
000036dd  GrFontGlyphDataGet                
00001ba5  GrFontGlyphRender                 
00003691  GrFontInfoGet                     
00003973  GrMapISO8859_1_Unicode            
00002ced  GrRectFill                        
000037f5  GrStringDraw                      
0000360b  GrStringNextCharGet               
000023b1  HAL_LCD_PortInit                  
00002441  HAL_LCD_SpiInit                   
000024d1  HAL_LCD_writeCommand              
00002521  HAL_LCD_writeData                 
0000304d  IntEnable                         
000038d9  IntMasterDisable                  
000038e9  IntMasterEnable                   
000036b9  IntPrioritySet                    
2000887a  Lcd_FlagRead                      
2000887b  Lcd_FontSolid                     
2000887c  Lcd_Orientation                   
2000887d  Lcd_PenSolid                      
20008874  Lcd_ScreenHeigth                  
20008876  Lcd_ScreenWidth                   
20008878  Lcd_TouchTrim                     
20000000  Lcd_buffer                        
00003779  ResetISR                          
UNDEFED   SHT$$INIT_ARRAY$$Base             
UNDEFED   SHT$$INIT_ARRAY$$Limit            
0000397b  SSIBusy                           
00003533  SSIConfigSetExpClk                
0000395f  SSIDataPut                        
00003969  SSIEnable                         
00001dfd  SysCtlClockFreqSet                
00003997  SysCtlDelay                       
000035a9  SysCtlPeripheralEnable            
00003181  TimerConfigure                    
00003821  TimerDisable                      
00003915  TimerEnable                       
00001795  TimerIntClear                     
00003983  TimerIntEnable                    
000038a7  TimerLoadSet                      
20008854  __STACK_END                       
00000800  __STACK_SIZE                      
20008254  __STACK_TOP                       
00004228  __TI_CINIT_Base                   
00004238  __TI_CINIT_Limit                  
00004214  __TI_Handler_Table_Base           
00004220  __TI_Handler_Table_Limit          
00002f75  __TI_auto_init                    
20008024  __TI_cleanup_ptr                  
000030b5  __TI_decompress_lzss              
00003923  __TI_decompress_none              
20008028  __TI_dtors_ptr                    
2000802c  __TI_enable_exit_profile_output   
ffffffff  __TI_pprof_out_hndl               
00000a4d  __TI_printfi                      
ffffffff  __TI_prof_data_size               
ffffffff  __TI_prof_data_start              
00000000  __TI_static_base__                
00003949  __TI_zero_init                    
00002d73  __aeabi_cdcmpeq                   
00002d73  __aeabi_cdcmple                   
00002df9  __aeabi_cdrcmple                  
000034ad  __aeabi_d2iz                      
000021ff  __aeabi_dadd                      
00002699  __aeabi_ddiv                      
000028ff  __aeabi_dmul                      
000021f5  __aeabi_dsub                      
00003639  __aeabi_i2d                       
00002ef9  __aeabi_memclr                    
00002ef9  __aeabi_memclr4                   
00002ef9  __aeabi_memclr8                   
00002bbd  __aeabi_memcpy                    
00002bbd  __aeabi_memcpy4                   
00002bbd  __aeabi_memcpy8                   
00002efb  __aeabi_memset                    
00002efb  __aeabi_memset4                   
00002efb  __aeabi_memset8                   
00002001  __aeabi_uldivmod                  
ffffffff  __binit__                         
ffffffff  __c_args__                        
00001347  __mpu_init                        
20008054  __stack                           
000037dd  _args_main                        
0000323d  _c_int00                          
00003db4  _ctypes_                          
20008030  _lock                             
00003843  _nop                              
0000383b  _register_lock                    
00003835  _register_unlock                  
00001dfb  _system_post_cinit                
00003775  _system_pre_init                  
20008034  _unlock                           
00003295  abort                             
00003339  atoi                              
ffffffff  binit                             
00003385  copy_in                           
00003849  copysign                          
00003849  copysignl                         
2000804c  errno                             
0000329d  exit                              
0000311d  frexp                             
0000311d  frexpl                            
20008868  gADCSamplingRate                  
20008040  gButtons                          
20008038  gJoystick                         
2000886c  gSystemClock                      
20008048  gTime                             
00000000  g_pfnVectors                      
000041e0  g_psDefaultCodePointMapTable      
000041b8  g_sCrystalfontz128x128            
00003eb8  g_sFontFixed6x8                   
000029fd  ldexp                             
000029fd  ldexpl                            
000032e5  ltoa                              
00002531  main                              
20008050  main_func_sp                      
00003759  memccpy                           
00002bbd  memcpy                            
00002f01  memset                            
000029fd  scalbn                            
000029fd  scalbnl                           
00002c59  snprintf                          
0000380b  strchr                            
0000385d  strlen                            


GLOBAL SYMBOLS: SORTED BY Symbol Address 

address   name                              
-------   ----                              
00000000  __TI_static_base__                
00000000  g_pfnVectors                      
00000800  __STACK_SIZE                      
00000a4d  __TI_printfi                      
00001347  __mpu_init                        
00001349  ButtonInit                        
000014f1  ButtonDebounce                    
00001561  ButtonReadJoystick                
00001641  ButtonAutoRepeat                  
000016c1  ButtonISR                         
00001795  TimerIntClear                     
00001799  Crystalfontz128x128_Init          
00001861  Crystalfontz128x128_SetDrawFrame  
00001901  Crystalfontz128x128_SetOrientation
00001ba5  GrFontGlyphRender                 
00001dfb  _system_post_cinit                
00001dfd  SysCtlClockFreqSet                
00002001  __aeabi_uldivmod                  
000021f5  __aeabi_dsub                      
000021ff  __aeabi_dadd                      
000023ab  GPIOPinRead                       
000023b1  HAL_LCD_PortInit                  
00002441  HAL_LCD_SpiInit                   
000024d1  HAL_LCD_writeCommand              
00002521  HAL_LCD_writeData                 
00002531  main                              
00002699  __aeabi_ddiv                      
000027cf  GPIOPadConfigSet                  
000028ff  __aeabi_dmul                      
000029fd  ldexp                             
000029fd  ldexpl                            
000029fd  scalbn                            
000029fd  scalbnl                           
00002af9  GrDefaultStringRenderer           
00002bbd  __aeabi_memcpy                    
00002bbd  __aeabi_memcpy4                   
00002bbd  __aeabi_memcpy8                   
00002bbd  memcpy                            
00002c59  snprintf                          
00002ced  GrRectFill                        
00002d73  __aeabi_cdcmpeq                   
00002d73  __aeabi_cdcmple                   
00002df9  __aeabi_cdrcmple                  
00002e7f  ADCSequenceStepConfigure          
00002ef9  __aeabi_memclr                    
00002ef9  __aeabi_memclr4                   
00002ef9  __aeabi_memclr8                   
00002efb  __aeabi_memset                    
00002efb  __aeabi_memset4                   
00002efb  __aeabi_memset8                   
00002f01  memset                            
00002f75  __TI_auto_init                    
00002fe5  GrContextInit                     
0000304d  IntEnable                         
000030b5  __TI_decompress_lzss              
0000311d  frexp                             
0000311d  frexpl                            
00003181  TimerConfigure                    
0000323d  _c_int00                          
00003291  C$$EXIT                           
00003295  abort                             
0000329d  exit                              
000032e5  ltoa                              
00003339  atoi                              
00003385  copy_in                           
0000341d  GPIOPinConfigure                  
000034ad  __aeabi_d2iz                      
000034f5  ADCSequenceConfigure              
00003533  SSIConfigSetExpClk                
000035a9  SysCtlPeripheralEnable            
000035dd  ADCIntStatus                      
0000360b  GrStringNextCharGet               
00003639  __aeabi_i2d                       
00003667  GPIODirModeSet                    
00003691  GrFontInfoGet                     
000036b9  IntPrioritySet                    
000036dd  GrFontGlyphDataGet                
000036ff  ADCSequenceDataGet                
0000371d  GrFontCodepageGet                 
00003759  memccpy                           
00003775  _system_pre_init                  
00003779  ResetISR                          
00003793  ADCClockConfigSet                 
000037ab  ADCProcessorTrigger               
000037c3  GPIOPinTypeGPIOOutput             
000037dd  _args_main                        
000037f5  GrStringDraw                      
0000380b  strchr                            
00003821  TimerDisable                      
00003835  _register_unlock                  
0000383b  _register_lock                    
00003843  _nop                              
00003849  copysign                          
00003849  copysignl                         
0000385d  strlen                            
00003871  GPIOPinTypeADC                    
00003883  GPIOPinTypeGPIOInput              
00003895  GPIOPinTypeSSI                    
000038a7  TimerLoadSet                      
000038b9  FPUEnable                         
000038c9  FPULazyStackingEnable             
000038d9  IntMasterDisable                  
000038e9  IntMasterEnable                   
000038f9  ADCSequenceDisable                
00003907  ADCSequenceEnable                 
00003915  TimerEnable                       
00003923  __TI_decompress_none              
00003931  CPUcpsid                          
0000393d  CPUcpsie                          
00003949  __TI_zero_init                    
00003955  ADCIntClear                       
0000395f  SSIDataPut                        
00003969  SSIEnable                         
00003973  GrMapISO8859_1_Unicode            
0000397b  SSIBusy                           
00003983  TimerIntEnable                    
0000398b  GPIOPinWrite                      
00003991  GrContextFontSet                  
00003997  SysCtlDelay                       
00003db4  _ctypes_                          
00003eb8  g_sFontFixed6x8                   
000041b8  g_sCrystalfontz128x128            
000041e0  g_psDefaultCodePointMapTable      
00004214  __TI_Handler_Table_Base           
00004220  __TI_Handler_Table_Limit          
00004228  __TI_CINIT_Base                   
00004238  __TI_CINIT_Limit                  
20000000  Lcd_buffer                        
20008024  __TI_cleanup_ptr                  
20008028  __TI_dtors_ptr                    
2000802c  __TI_enable_exit_profile_output   
20008030  _lock                             
20008034  _unlock                           
20008038  gJoystick                         
20008040  gButtons                          
20008048  gTime                             
2000804c  errno                             
20008050  main_func_sp                      
20008054  __stack                           
20008254  __STACK_TOP                       
20008854  __STACK_END                       
20008868  gADCSamplingRate                  
2000886c  gSystemClock                      
20008874  Lcd_ScreenHeigth                  
20008876  Lcd_ScreenWidth                   
20008878  Lcd_TouchTrim                     
2000887a  Lcd_FlagRead                      
2000887b  Lcd_FontSolid                     
2000887c  Lcd_Orientation                   
2000887d  Lcd_PenSolid                      
ffffffff  __TI_pprof_out_hndl               
ffffffff  __TI_prof_data_size               
ffffffff  __TI_prof_data_start              
ffffffff  __binit__                         
ffffffff  __c_args__                        
ffffffff  binit                             
UNDEFED   SHT$$INIT_ARRAY$$Base             
UNDEFED   SHT$$INIT_ARRAY$$Limit            

[158 symbols]
