<?xml version="1.0"?>
<link_info>
   <banner>TI ARM Linker PC v16.9.3.LTS</banner>
   <copyright>Copyright (c) 1996-2017 Texas Instruments Incorporated</copyright>
   <link_time>0x59f23239</link_time>
   <link_errors>0x0</link_errors>
   <output_file>ece3849b17_lab0_tnorris_kgriffin.out</output_file>
   <entry_point>
      <name>_c_int00</name>
      <address>0x3291</address>
   </entry_point>
   <input_file_list>
      <input_file id="fl-2">
         <path>.\</path>
         <kind>object</kind>
         <file>Crystalfontz128x128_ST7735.obj</file>
         <name>Crystalfontz128x128_ST7735.obj</name>
      </input_file>
      <input_file id="fl-3">
         <path>.\</path>
         <kind>object</kind>
         <file>HAL_EK_TM4C1294XL_Crystalfontz128x128_ST7735.obj</file>
         <name>HAL_EK_TM4C1294XL_Crystalfontz128x128_ST7735.obj</name>
      </input_file>
      <input_file id="fl-4">
         <path>.\</path>
         <kind>object</kind>
         <file>buttons.obj</file>
         <name>buttons.obj</name>
      </input_file>
      <input_file id="fl-5">
         <path>.\</path>
         <kind>object</kind>
         <file>main.obj</file>
         <name>main.obj</name>
      </input_file>
      <input_file id="fl-6">
         <path>.\</path>
         <kind>object</kind>
         <file>tm4c1294ncpdt_startup_ccs.obj</file>
         <name>tm4c1294ncpdt_startup_ccs.obj</name>
      </input_file>
      <input_file id="fl-c">
         <kind>object</kind>
         <file>&lt;internal&gt;</file>
         <name>&lt;internal&gt;</name>
      </input_file>
      <input_file id="fl-c2">
         <path>C:\ti\ccsv7\tools\compiler\ti-cgt-arm_16.9.3.LTS\lib\</path>
         <kind>archive</kind>
         <file>rtsv7M4_T_le_v4SPD16_eabi.lib</file>
         <name>boot.obj</name>
      </input_file>
      <input_file id="fl-c3">
         <path>C:\ti\ccsv7\tools\compiler\ti-cgt-arm_16.9.3.LTS\lib\</path>
         <kind>archive</kind>
         <file>rtsv7M4_T_le_v4SPD16_eabi.lib</file>
         <name>copy_decompress_lzss.obj</name>
      </input_file>
      <input_file id="fl-c4">
         <path>C:\ti\ccsv7\tools\compiler\ti-cgt-arm_16.9.3.LTS\lib\</path>
         <kind>archive</kind>
         <file>rtsv7M4_T_le_v4SPD16_eabi.lib</file>
         <name>copy_decompress_none.obj</name>
      </input_file>
      <input_file id="fl-c5">
         <path>C:\ti\ccsv7\tools\compiler\ti-cgt-arm_16.9.3.LTS\lib\</path>
         <kind>archive</kind>
         <file>rtsv7M4_T_le_v4SPD16_eabi.lib</file>
         <name>copy_zero_init.obj</name>
      </input_file>
      <input_file id="fl-c6">
         <path>C:\ti\ccsv7\tools\compiler\ti-cgt-arm_16.9.3.LTS\lib\</path>
         <kind>archive</kind>
         <file>rtsv7M4_T_le_v4SPD16_eabi.lib</file>
         <name>exit.obj</name>
      </input_file>
      <input_file id="fl-c7">
         <path>C:\ti\ccsv7\tools\compiler\ti-cgt-arm_16.9.3.LTS\lib\</path>
         <kind>archive</kind>
         <file>rtsv7M4_T_le_v4SPD16_eabi.lib</file>
         <name>memcpy_t2.obj</name>
      </input_file>
      <input_file id="fl-c8">
         <path>C:\ti\ccsv7\tools\compiler\ti-cgt-arm_16.9.3.LTS\lib\</path>
         <kind>archive</kind>
         <file>rtsv7M4_T_le_v4SPD16_eabi.lib</file>
         <name>memset_t2.obj</name>
      </input_file>
      <input_file id="fl-c9">
         <path>C:\ti\ccsv7\tools\compiler\ti-cgt-arm_16.9.3.LTS\lib\</path>
         <kind>archive</kind>
         <file>rtsv7M4_T_le_v4SPD16_eabi.lib</file>
         <name>mpu_init.obj</name>
      </input_file>
      <input_file id="fl-ca">
         <path>C:\ti\ccsv7\tools\compiler\ti-cgt-arm_16.9.3.LTS\lib\</path>
         <kind>archive</kind>
         <file>rtsv7M4_T_le_v4SPD16_eabi.lib</file>
         <name>pre_init.obj</name>
      </input_file>
      <input_file id="fl-cb">
         <path>C:\ti\ccsv7\tools\compiler\ti-cgt-arm_16.9.3.LTS\lib\</path>
         <kind>archive</kind>
         <file>rtsv7M4_T_le_v4SPD16_eabi.lib</file>
         <name>snprintf.obj</name>
      </input_file>
      <input_file id="fl-cc">
         <path>C:\ti\ccsv7\tools\compiler\ti-cgt-arm_16.9.3.LTS\lib\</path>
         <kind>archive</kind>
         <file>rtsv7M4_T_le_v4SPD16_eabi.lib</file>
         <name>stkdepth_vars.obj</name>
      </input_file>
      <input_file id="fl-cd">
         <path>C:\ti\ccsv7\tools\compiler\ti-cgt-arm_16.9.3.LTS\lib\</path>
         <kind>archive</kind>
         <file>rtsv7M4_T_le_v4SPD16_eabi.lib</file>
         <name>_lock.obj</name>
      </input_file>
      <input_file id="fl-ce">
         <path>C:\ti\ccsv7\tools\compiler\ti-cgt-arm_16.9.3.LTS\lib\</path>
         <kind>archive</kind>
         <file>rtsv7M4_T_le_v4SPD16_eabi.lib</file>
         <name>_printfi.obj</name>
      </input_file>
      <input_file id="fl-cf">
         <path>C:\ti\ccsv7\tools\compiler\ti-cgt-arm_16.9.3.LTS\lib\</path>
         <kind>archive</kind>
         <file>rtsv7M4_T_le_v4SPD16_eabi.lib</file>
         <name>args_main.obj</name>
      </input_file>
      <input_file id="fl-d0">
         <path>C:\ti\ccsv7\tools\compiler\ti-cgt-arm_16.9.3.LTS\lib\</path>
         <kind>archive</kind>
         <file>rtsv7M4_T_le_v4SPD16_eabi.lib</file>
         <name>atoi.obj</name>
      </input_file>
      <input_file id="fl-d1">
         <path>C:\ti\ccsv7\tools\compiler\ti-cgt-arm_16.9.3.LTS\lib\</path>
         <kind>archive</kind>
         <file>rtsv7M4_T_le_v4SPD16_eabi.lib</file>
         <name>autoinit.obj</name>
      </input_file>
      <input_file id="fl-d2">
         <path>C:\ti\ccsv7\tools\compiler\ti-cgt-arm_16.9.3.LTS\lib\</path>
         <kind>archive</kind>
         <file>rtsv7M4_T_le_v4SPD16_eabi.lib</file>
         <name>cpy_tbl.obj</name>
      </input_file>
      <input_file id="fl-d3">
         <path>C:\ti\ccsv7\tools\compiler\ti-cgt-arm_16.9.3.LTS\lib\</path>
         <kind>archive</kind>
         <file>rtsv7M4_T_le_v4SPD16_eabi.lib</file>
         <name>ctype.obj</name>
      </input_file>
      <input_file id="fl-d4">
         <path>C:\ti\ccsv7\tools\compiler\ti-cgt-arm_16.9.3.LTS\lib\</path>
         <kind>archive</kind>
         <file>rtsv7M4_T_le_v4SPD16_eabi.lib</file>
         <name>fd_add_t2.obj</name>
      </input_file>
      <input_file id="fl-d5">
         <path>C:\ti\ccsv7\tools\compiler\ti-cgt-arm_16.9.3.LTS\lib\</path>
         <kind>archive</kind>
         <file>rtsv7M4_T_le_v4SPD16_eabi.lib</file>
         <name>fd_cmp_t2.obj</name>
      </input_file>
      <input_file id="fl-d6">
         <path>C:\ti\ccsv7\tools\compiler\ti-cgt-arm_16.9.3.LTS\lib\</path>
         <kind>archive</kind>
         <file>rtsv7M4_T_le_v4SPD16_eabi.lib</file>
         <name>fd_div_t2.obj</name>
      </input_file>
      <input_file id="fl-d7">
         <path>C:\ti\ccsv7\tools\compiler\ti-cgt-arm_16.9.3.LTS\lib\</path>
         <kind>archive</kind>
         <file>rtsv7M4_T_le_v4SPD16_eabi.lib</file>
         <name>fd_mul_t2.obj</name>
      </input_file>
      <input_file id="fl-d8">
         <path>C:\ti\ccsv7\tools\compiler\ti-cgt-arm_16.9.3.LTS\lib\</path>
         <kind>archive</kind>
         <file>rtsv7M4_T_le_v4SPD16_eabi.lib</file>
         <name>fd_toi_t2.obj</name>
      </input_file>
      <input_file id="fl-d9">
         <path>C:\ti\ccsv7\tools\compiler\ti-cgt-arm_16.9.3.LTS\lib\</path>
         <kind>archive</kind>
         <file>rtsv7M4_T_le_v4SPD16_eabi.lib</file>
         <name>i_tofd_t2.obj</name>
      </input_file>
      <input_file id="fl-da">
         <path>C:\ti\ccsv7\tools\compiler\ti-cgt-arm_16.9.3.LTS\lib\</path>
         <kind>archive</kind>
         <file>rtsv7M4_T_le_v4SPD16_eabi.lib</file>
         <name>ltoa.obj</name>
      </input_file>
      <input_file id="fl-db">
         <path>C:\ti\ccsv7\tools\compiler\ti-cgt-arm_16.9.3.LTS\lib\</path>
         <kind>archive</kind>
         <file>rtsv7M4_T_le_v4SPD16_eabi.lib</file>
         <name>memccpy.obj</name>
      </input_file>
      <input_file id="fl-dc">
         <path>C:\ti\ccsv7\tools\compiler\ti-cgt-arm_16.9.3.LTS\lib\</path>
         <kind>archive</kind>
         <file>rtsv7M4_T_le_v4SPD16_eabi.lib</file>
         <name>s_frexp.obj</name>
      </input_file>
      <input_file id="fl-dd">
         <path>C:\ti\ccsv7\tools\compiler\ti-cgt-arm_16.9.3.LTS\lib\</path>
         <kind>archive</kind>
         <file>rtsv7M4_T_le_v4SPD16_eabi.lib</file>
         <name>s_scalbn.obj</name>
      </input_file>
      <input_file id="fl-de">
         <path>C:\ti\ccsv7\tools\compiler\ti-cgt-arm_16.9.3.LTS\lib\</path>
         <kind>archive</kind>
         <file>rtsv7M4_T_le_v4SPD16_eabi.lib</file>
         <name>startup.obj</name>
      </input_file>
      <input_file id="fl-df">
         <path>C:\ti\ccsv7\tools\compiler\ti-cgt-arm_16.9.3.LTS\lib\</path>
         <kind>archive</kind>
         <file>rtsv7M4_T_le_v4SPD16_eabi.lib</file>
         <name>strchr.obj</name>
      </input_file>
      <input_file id="fl-e0">
         <path>C:\ti\ccsv7\tools\compiler\ti-cgt-arm_16.9.3.LTS\lib\</path>
         <kind>archive</kind>
         <file>rtsv7M4_T_le_v4SPD16_eabi.lib</file>
         <name>strlen.obj</name>
      </input_file>
      <input_file id="fl-e1">
         <path>C:\ti\ccsv7\tools\compiler\ti-cgt-arm_16.9.3.LTS\lib\</path>
         <kind>archive</kind>
         <file>rtsv7M4_T_le_v4SPD16_eabi.lib</file>
         <name>ull_div_t2.obj</name>
      </input_file>
      <input_file id="fl-e2">
         <path>C:\ti\ccsv7\tools\compiler\ti-cgt-arm_16.9.3.LTS\lib\</path>
         <kind>archive</kind>
         <file>rtsv7M4_T_le_v4SPD16_eabi.lib</file>
         <name>errno.obj</name>
      </input_file>
      <input_file id="fl-e3">
         <path>C:\ti\ccsv7\tools\compiler\ti-cgt-arm_16.9.3.LTS\lib\</path>
         <kind>archive</kind>
         <file>rtsv7M4_T_le_v4SPD16_eabi.lib</file>
         <name>s_copysign.obj</name>
      </input_file>
      <input_file id="fl-e4">
         <path>C:\ti\tirtos_tivac_2_16_00_08\products\TivaWare_C_Series-2.1.1.71b\grlib\ccs\Debug\</path>
         <kind>archive</kind>
         <file>grlib.lib</file>
         <name>context.obj</name>
      </input_file>
      <input_file id="fl-e5">
         <path>C:\ti\tirtos_tivac_2_16_00_08\products\TivaWare_C_Series-2.1.1.71b\grlib\ccs\Debug\</path>
         <kind>archive</kind>
         <file>grlib.lib</file>
         <name>rectangle.obj</name>
      </input_file>
      <input_file id="fl-e6">
         <path>C:\ti\tirtos_tivac_2_16_00_08\products\TivaWare_C_Series-2.1.1.71b\grlib\ccs\Debug\</path>
         <kind>archive</kind>
         <file>grlib.lib</file>
         <name>string.obj</name>
      </input_file>
      <input_file id="fl-e7">
         <path>C:\ti\tirtos_tivac_2_16_00_08\products\TivaWare_C_Series-2.1.1.71b\grlib\ccs\Debug\</path>
         <kind>archive</kind>
         <file>grlib.lib</file>
         <name>fontfixed6x8.obj</name>
      </input_file>
      <input_file id="fl-e8">
         <path>C:\ti\tirtos_tivac_2_16_00_08\products\TivaWare_C_Series-2.1.1.71b\grlib\ccs\Debug\</path>
         <kind>archive</kind>
         <file>grlib.lib</file>
         <name>charmap.obj</name>
      </input_file>
      <input_file id="fl-e9">
         <path>C:\ti\tirtos_tivac_2_16_00_08\products\TivaWare_C_Series-2.1.1.71b\grlib\ccs\Debug\</path>
         <kind>archive</kind>
         <file>grlib.lib</file>
         <name>line.obj</name>
      </input_file>
      <input_file id="fl-ea">
         <path>C:\ti\tirtos_tivac_2_16_00_08\products\TivaWare_C_Series-2.1.1.71b\driverlib\ccs\Debug\</path>
         <kind>archive</kind>
         <file>driverlib.lib</file>
         <name>adc.obj</name>
      </input_file>
      <input_file id="fl-eb">
         <path>C:\ti\tirtos_tivac_2_16_00_08\products\TivaWare_C_Series-2.1.1.71b\driverlib\ccs\Debug\</path>
         <kind>archive</kind>
         <file>driverlib.lib</file>
         <name>fpu.obj</name>
      </input_file>
      <input_file id="fl-ec">
         <path>C:\ti\tirtos_tivac_2_16_00_08\products\TivaWare_C_Series-2.1.1.71b\driverlib\ccs\Debug\</path>
         <kind>archive</kind>
         <file>driverlib.lib</file>
         <name>gpio.obj</name>
      </input_file>
      <input_file id="fl-ed">
         <path>C:\ti\tirtos_tivac_2_16_00_08\products\TivaWare_C_Series-2.1.1.71b\driverlib\ccs\Debug\</path>
         <kind>archive</kind>
         <file>driverlib.lib</file>
         <name>interrupt.obj</name>
      </input_file>
      <input_file id="fl-ee">
         <path>C:\ti\tirtos_tivac_2_16_00_08\products\TivaWare_C_Series-2.1.1.71b\driverlib\ccs\Debug\</path>
         <kind>archive</kind>
         <file>driverlib.lib</file>
         <name>ssi.obj</name>
      </input_file>
      <input_file id="fl-ef">
         <path>C:\ti\tirtos_tivac_2_16_00_08\products\TivaWare_C_Series-2.1.1.71b\driverlib\ccs\Debug\</path>
         <kind>archive</kind>
         <file>driverlib.lib</file>
         <name>sysctl.obj</name>
      </input_file>
      <input_file id="fl-f0">
         <path>C:\ti\tirtos_tivac_2_16_00_08\products\TivaWare_C_Series-2.1.1.71b\driverlib\ccs\Debug\</path>
         <kind>archive</kind>
         <file>driverlib.lib</file>
         <name>timer.obj</name>
      </input_file>
      <input_file id="fl-f1">
         <path>C:\ti\tirtos_tivac_2_16_00_08\products\TivaWare_C_Series-2.1.1.71b\driverlib\ccs\Debug\</path>
         <kind>archive</kind>
         <file>driverlib.lib</file>
         <name>cpu.obj</name>
      </input_file>
   </input_file_list>
   <object_component_list>
      <object_component id="oc-f">
         <name>.intvecs</name>
         <load_address>0x0</load_address>
         <run_address>0x0</run_address>
         <size>0x208</size>
         <input_file_ref idref="fl-6"/>
      </object_component>
      <object_component id="oc-280">
         <name>.text</name>
         <load_address>0x208</load_address>
         <run_address>0x208</run_address>
         <size>0x113e</size>
         <input_file_ref idref="fl-ce"/>
      </object_component>
      <object_component id="oc-5d">
         <name>.text</name>
         <load_address>0x1346</load_address>
         <run_address>0x1346</run_address>
         <size>0x2</size>
         <input_file_ref idref="fl-c9"/>
      </object_component>
      <object_component id="oc-31">
         <name>.text</name>
         <load_address>0x1348</load_address>
         <run_address>0x1348</run_address>
         <size>0x458</size>
         <input_file_ref idref="fl-4"/>
      </object_component>
      <object_component id="oc-1c0">
         <name>.text</name>
         <load_address>0x17a0</load_address>
         <run_address>0x17a0</run_address>
         <size>0x40c</size>
         <input_file_ref idref="fl-2"/>
      </object_component>
      <object_component id="oc-2ef">
         <name>.text:GrFontGlyphRender</name>
         <load_address>0x1bac</load_address>
         <run_address>0x1bac</run_address>
         <size>0x256</size>
         <input_file_ref idref="fl-e6"/>
      </object_component>
      <object_component id="oc-140">
         <name>.text</name>
         <load_address>0x1e02</load_address>
         <run_address>0x1e02</run_address>
         <size>0x2</size>
         <input_file_ref idref="fl-de"/>
      </object_component>
      <object_component id="oc-1ba">
         <name>.text:SysCtlClockFreqSet</name>
         <load_address>0x1e04</load_address>
         <run_address>0x1e04</run_address>
         <size>0x204</size>
         <input_file_ref idref="fl-ef"/>
      </object_component>
      <object_component id="oc-310">
         <name>.text</name>
         <load_address>0x2008</load_address>
         <run_address>0x2008</run_address>
         <size>0x1f4</size>
         <input_file_ref idref="fl-e1"/>
      </object_component>
      <object_component id="oc-106">
         <name>.text:TimerIntClear</name>
         <load_address>0x21fc</load_address>
         <run_address>0x21fc</run_address>
         <size>0x4</size>
         <input_file_ref idref="fl-f0"/>
      </object_component>
      <object_component id="oc-148">
         <name>.text</name>
         <load_address>0x2200</load_address>
         <run_address>0x2200</run_address>
         <size>0x1ba</size>
         <input_file_ref idref="fl-5"/>
      </object_component>
      <object_component id="oc-33f">
         <name>.text</name>
         <load_address>0x23ba</load_address>
         <run_address>0x23ba</run_address>
         <size>0x1b6</size>
         <input_file_ref idref="fl-d4"/>
      </object_component>
      <object_component id="oc-247">
         <name>.text</name>
         <load_address>0x2570</load_address>
         <run_address>0x2570</run_address>
         <size>0x17e</size>
         <input_file_ref idref="fl-3"/>
      </object_component>
      <object_component id="oc-325">
         <name>.text</name>
         <load_address>0x26ee</load_address>
         <run_address>0x26ee</run_address>
         <size>0x136</size>
         <input_file_ref idref="fl-d6"/>
      </object_component>
      <object_component id="oc-b9">
         <name>.text:GPIOPadConfigSet</name>
         <load_address>0x2824</load_address>
         <run_address>0x2824</run_address>
         <size>0x130</size>
         <input_file_ref idref="fl-ec"/>
      </object_component>
      <object_component id="oc-320">
         <name>.text</name>
         <load_address>0x2954</load_address>
         <run_address>0x2954</run_address>
         <size>0xfc</size>
         <input_file_ref idref="fl-d7"/>
      </object_component>
      <object_component id="oc-34a">
         <name>.text</name>
         <load_address>0x2a50</load_address>
         <run_address>0x2a50</run_address>
         <size>0xfc</size>
         <input_file_ref idref="fl-dd"/>
      </object_component>
      <object_component id="oc-25b">
         <name>.text:GrDefaultStringRenderer</name>
         <load_address>0x2b4c</load_address>
         <run_address>0x2b4c</run_address>
         <size>0xc4</size>
         <input_file_ref idref="fl-e6"/>
      </object_component>
      <object_component id="oc-45">
         <name>.text</name>
         <load_address>0x2c10</load_address>
         <run_address>0x2c10</run_address>
         <size>0x9c</size>
         <input_file_ref idref="fl-c7"/>
      </object_component>
      <object_component id="oc-1e4">
         <name>.text</name>
         <load_address>0x2cac</load_address>
         <run_address>0x2cac</run_address>
         <size>0x94</size>
         <input_file_ref idref="fl-cb"/>
      </object_component>
      <object_component id="oc-1de">
         <name>.text:GrRectFill</name>
         <load_address>0x2d40</load_address>
         <run_address>0x2d40</run_address>
         <size>0x86</size>
         <input_file_ref idref="fl-e5"/>
      </object_component>
      <object_component id="oc-31b">
         <name>.text:__aeabi_cdcmple</name>
         <load_address>0x2dc6</load_address>
         <run_address>0x2dc6</run_address>
         <size>0x86</size>
         <input_file_ref idref="fl-d5"/>
      </object_component>
      <object_component id="oc-32a">
         <name>.text:__aeabi_cdrcmple</name>
         <load_address>0x2e4c</load_address>
         <run_address>0x2e4c</run_address>
         <size>0x86</size>
         <input_file_ref idref="fl-d5"/>
      </object_component>
      <object_component id="oc-da">
         <name>.text:ADCSequenceStepConfigure</name>
         <load_address>0x2ed2</load_address>
         <run_address>0x2ed2</run_address>
         <size>0x7a</size>
         <input_file_ref idref="fl-ea"/>
      </object_component>
      <object_component id="oc-51">
         <name>.text</name>
         <load_address>0x2f4c</load_address>
         <run_address>0x2f4c</run_address>
         <size>0x7a</size>
         <input_file_ref idref="fl-c8"/>
      </object_component>
      <object_component id="oc-69">
         <name>.text</name>
         <load_address>0x2fc8</load_address>
         <run_address>0x2fc8</run_address>
         <size>0x70</size>
         <input_file_ref idref="fl-d1"/>
      </object_component>
      <object_component id="oc-1c9">
         <name>.text:GrContextInit</name>
         <load_address>0x3038</load_address>
         <run_address>0x3038</run_address>
         <size>0x68</size>
         <input_file_ref idref="fl-e4"/>
      </object_component>
      <object_component id="oc-ad">
         <name>.text:IntEnable</name>
         <load_address>0x30a0</load_address>
         <run_address>0x30a0</run_address>
         <size>0x68</size>
         <input_file_ref idref="fl-ed"/>
      </object_component>
      <object_component id="oc-12">
         <name>.text:decompress:lzss</name>
         <load_address>0x3108</load_address>
         <run_address>0x3108</run_address>
         <size>0x68</size>
         <input_file_ref idref="fl-c3"/>
      </object_component>
      <object_component id="oc-344">
         <name>.text</name>
         <load_address>0x3170</load_address>
         <run_address>0x3170</run_address>
         <size>0x64</size>
         <input_file_ref idref="fl-dc"/>
      </object_component>
      <object_component id="oc-8c">
         <name>.text:TimerConfigure</name>
         <load_address>0x31d4</load_address>
         <run_address>0x31d4</run_address>
         <size>0x60</size>
         <input_file_ref idref="fl-f0"/>
      </object_component>
      <object_component id="oc-382">
         <name>.text:FontWideGlyphDataGet</name>
         <load_address>0x3234</load_address>
         <run_address>0x3234</run_address>
         <size>0x5a</size>
         <input_file_ref idref="fl-e6"/>
      </object_component>
      <object_component id="oc-24">
         <name>.text</name>
         <load_address>0x3290</load_address>
         <run_address>0x3290</run_address>
         <size>0x54</size>
         <input_file_ref idref="fl-c2"/>
      </object_component>
      <object_component id="oc-75">
         <name>.text</name>
         <load_address>0x32e4</load_address>
         <run_address>0x32e4</run_address>
         <size>0x54</size>
         <input_file_ref idref="fl-c6"/>
      </object_component>
      <object_component id="oc-334">
         <name>.text</name>
         <load_address>0x3338</load_address>
         <run_address>0x3338</run_address>
         <size>0x54</size>
         <input_file_ref idref="fl-da"/>
      </object_component>
      <object_component id="oc-356">
         <name>.text</name>
         <load_address>0x338c</load_address>
         <run_address>0x338c</run_address>
         <size>0x4c</size>
         <input_file_ref idref="fl-d0"/>
      </object_component>
      <object_component id="oc-13a">
         <name>.text</name>
         <load_address>0x33d8</load_address>
         <run_address>0x33d8</run_address>
         <size>0x4c</size>
         <input_file_ref idref="fl-d2"/>
      </object_component>
      <object_component id="oc-26e">
         <name>.text:UpdateContextCharMapping</name>
         <load_address>0x3424</load_address>
         <run_address>0x3424</run_address>
         <size>0x4a</size>
         <input_file_ref idref="fl-e6"/>
      </object_component>
      <object_component id="oc-2af">
         <name>.text:GPIOPinConfigure</name>
         <load_address>0x3470</load_address>
         <run_address>0x3470</run_address>
         <size>0x48</size>
         <input_file_ref idref="fl-ec"/>
      </object_component>
      <object_component id="oc-237">
         <name>.text:_SysCtlFrequencyGet</name>
         <load_address>0x34b8</load_address>
         <run_address>0x34b8</run_address>
         <size>0x48</size>
         <input_file_ref idref="fl-ef"/>
      </object_component>
      <object_component id="oc-32f">
         <name>.text</name>
         <load_address>0x3500</load_address>
         <run_address>0x3500</run_address>
         <size>0x48</size>
         <input_file_ref idref="fl-d8"/>
      </object_component>
      <object_component id="oc-d4">
         <name>.text:ADCSequenceConfigure</name>
         <load_address>0x3548</load_address>
         <run_address>0x3548</run_address>
         <size>0x3e</size>
         <input_file_ref idref="fl-ea"/>
      </object_component>
      <object_component id="oc-2bb">
         <name>.text:SSIConfigSetExpClk</name>
         <load_address>0x3586</load_address>
         <run_address>0x3586</run_address>
         <size>0x3c</size>
         <input_file_ref idref="fl-ee"/>
      </object_component>
      <object_component id="oc-388">
         <name>.text:FontGlyphDataGet</name>
         <load_address>0x35c2</load_address>
         <run_address>0x35c2</run_address>
         <size>0x3a</size>
         <input_file_ref idref="fl-e6"/>
      </object_component>
      <object_component id="oc-80">
         <name>.text:SysCtlPeripheralEnable</name>
         <load_address>0x35fc</load_address>
         <run_address>0x35fc</run_address>
         <size>0x34</size>
         <input_file_ref idref="fl-ef"/>
      </object_component>
      <object_component id="oc-f0">
         <name>.text:ADCIntStatus</name>
         <load_address>0x3630</load_address>
         <run_address>0x3630</run_address>
         <size>0x2e</size>
         <input_file_ref idref="fl-ea"/>
      </object_component>
      <object_component id="oc-2e3">
         <name>.text:GrStringNextCharGet</name>
         <load_address>0x365e</load_address>
         <run_address>0x365e</run_address>
         <size>0x2e</size>
         <input_file_ref idref="fl-e6"/>
      </object_component>
      <object_component id="oc-33a">
         <name>.text</name>
         <load_address>0x368c</load_address>
         <run_address>0x368c</run_address>
         <size>0x2e</size>
         <input_file_ref idref="fl-d9"/>
      </object_component>
      <object_component id="oc-178">
         <name>.text:GPIODirModeSet</name>
         <load_address>0x36ba</load_address>
         <run_address>0x36ba</run_address>
         <size>0x2a</size>
         <input_file_ref idref="fl-ec"/>
      </object_component>
      <object_component id="oc-2dd">
         <name>.text:GrFontInfoGet</name>
         <load_address>0x36e4</load_address>
         <run_address>0x36e4</run_address>
         <size>0x26</size>
         <input_file_ref idref="fl-e6"/>
      </object_component>
      <object_component id="oc-a7">
         <name>.text:IntPrioritySet</name>
         <load_address>0x370c</load_address>
         <run_address>0x370c</run_address>
         <size>0x24</size>
         <input_file_ref idref="fl-ed"/>
      </object_component>
      <object_component id="oc-2e9">
         <name>.text:GrFontGlyphDataGet</name>
         <load_address>0x3730</load_address>
         <run_address>0x3730</run_address>
         <size>0x22</size>
         <input_file_ref idref="fl-e6"/>
      </object_component>
      <object_component id="oc-f9">
         <name>.text:ADCSequenceDataGet</name>
         <load_address>0x3752</load_address>
         <run_address>0x3752</run_address>
         <size>0x1e</size>
         <input_file_ref idref="fl-ea"/>
      </object_component>
      <object_component id="oc-304">
         <name>.text:GrFontCodepageGet</name>
         <load_address>0x3770</load_address>
         <run_address>0x3770</run_address>
         <size>0x1e</size>
         <input_file_ref idref="fl-e6"/>
      </object_component>
      <object_component id="oc-231">
         <name>.text:_SysCtlMemTimingGet</name>
         <load_address>0x3790</load_address>
         <run_address>0x3790</run_address>
         <size>0x1c</size>
         <input_file_ref idref="fl-ef"/>
      </object_component>
      <object_component id="oc-35c">
         <name>.text</name>
         <load_address>0x37ac</load_address>
         <run_address>0x37ac</run_address>
         <size>0x1c</size>
         <input_file_ref idref="fl-db"/>
      </object_component>
      <object_component id="oc-2b">
         <name>.text</name>
         <load_address>0x37c8</load_address>
         <run_address>0x37c8</run_address>
         <size>0x1a</size>
         <input_file_ref idref="fl-6"/>
      </object_component>
      <object_component id="oc-c8">
         <name>.text:ADCClockConfigSet</name>
         <load_address>0x37e2</load_address>
         <run_address>0x37e2</run_address>
         <size>0x18</size>
         <input_file_ref idref="fl-ea"/>
      </object_component>
      <object_component id="oc-ea">
         <name>.text:ADCProcessorTrigger</name>
         <load_address>0x37fa</load_address>
         <run_address>0x37fa</run_address>
         <size>0x18</size>
         <input_file_ref idref="fl-ea"/>
      </object_component>
      <object_component id="oc-2b5">
         <name>.text:GPIOPinTypeGPIOOutput</name>
         <load_address>0x3812</load_address>
         <run_address>0x3812</run_address>
         <size>0x18</size>
         <input_file_ref idref="fl-ec"/>
      </object_component>
      <object_component id="oc-6f">
         <name>.text</name>
         <load_address>0x382c</load_address>
         <run_address>0x382c</run_address>
         <size>0x18</size>
         <input_file_ref idref="fl-cf"/>
      </object_component>
      <object_component id="oc-1ea">
         <name>.text:GrStringDraw</name>
         <load_address>0x3844</load_address>
         <run_address>0x3844</run_address>
         <size>0x16</size>
         <input_file_ref idref="fl-e6"/>
      </object_component>
      <object_component id="oc-350">
         <name>.text</name>
         <load_address>0x385a</load_address>
         <run_address>0x385a</run_address>
         <size>0x16</size>
         <input_file_ref idref="fl-df"/>
      </object_component>
      <object_component id="oc-86">
         <name>.text:TimerDisable</name>
         <load_address>0x3870</load_address>
         <run_address>0x3870</run_address>
         <size>0x14</size>
         <input_file_ref idref="fl-f0"/>
      </object_component>
      <object_component id="oc-1fa">
         <name>.text</name>
         <load_address>0x3884</load_address>
         <run_address>0x3884</run_address>
         <size>0x14</size>
         <input_file_ref idref="fl-cd"/>
      </object_component>
      <object_component id="oc-3a6">
         <name>.text</name>
         <load_address>0x3898</load_address>
         <run_address>0x3898</run_address>
         <size>0x14</size>
         <input_file_ref idref="fl-e3"/>
      </object_component>
      <object_component id="oc-315">
         <name>.text</name>
         <load_address>0x38ac</load_address>
         <run_address>0x38ac</run_address>
         <size>0x14</size>
         <input_file_ref idref="fl-e0"/>
      </object_component>
      <object_component id="oc-bf">
         <name>.text:GPIOPinTypeADC</name>
         <load_address>0x38c0</load_address>
         <run_address>0x38c0</run_address>
         <size>0x12</size>
         <input_file_ref idref="fl-ec"/>
      </object_component>
      <object_component id="oc-b3">
         <name>.text:GPIOPinTypeGPIOInput</name>
         <load_address>0x38d2</load_address>
         <run_address>0x38d2</run_address>
         <size>0x12</size>
         <input_file_ref idref="fl-ec"/>
      </object_component>
      <object_component id="oc-2a9">
         <name>.text:GPIOPinTypeSSI</name>
         <load_address>0x38e4</load_address>
         <run_address>0x38e4</run_address>
         <size>0x12</size>
         <input_file_ref idref="fl-ec"/>
      </object_component>
      <object_component id="oc-95">
         <name>.text:TimerLoadSet</name>
         <load_address>0x38f6</load_address>
         <run_address>0x38f6</run_address>
         <size>0x12</size>
         <input_file_ref idref="fl-f0"/>
      </object_component>
      <object_component id="oc-1ae">
         <name>.text:FPUEnable</name>
         <load_address>0x3908</load_address>
         <run_address>0x3908</run_address>
         <size>0x10</size>
         <input_file_ref idref="fl-eb"/>
      </object_component>
      <object_component id="oc-1b4">
         <name>.text:FPULazyStackingEnable</name>
         <load_address>0x3918</load_address>
         <run_address>0x3918</run_address>
         <size>0x10</size>
         <input_file_ref idref="fl-eb"/>
      </object_component>
      <object_component id="oc-1a8">
         <name>.text:IntMasterDisable</name>
         <load_address>0x3928</load_address>
         <run_address>0x3928</run_address>
         <size>0x10</size>
         <input_file_ref idref="fl-ed"/>
      </object_component>
      <object_component id="oc-1d8">
         <name>.text:IntMasterEnable</name>
         <load_address>0x3938</load_address>
         <run_address>0x3938</run_address>
         <size>0x10</size>
         <input_file_ref idref="fl-ed"/>
      </object_component>
      <object_component id="oc-ce">
         <name>.text:ADCSequenceDisable</name>
         <load_address>0x3948</load_address>
         <run_address>0x3948</run_address>
         <size>0xe</size>
         <input_file_ref idref="fl-ea"/>
      </object_component>
      <object_component id="oc-e0">
         <name>.text:ADCSequenceEnable</name>
         <load_address>0x3956</load_address>
         <run_address>0x3956</run_address>
         <size>0xe</size>
         <input_file_ref idref="fl-ea"/>
      </object_component>
      <object_component id="oc-a1">
         <name>.text:TimerEnable</name>
         <load_address>0x3964</load_address>
         <run_address>0x3964</run_address>
         <size>0xe</size>
         <input_file_ref idref="fl-f0"/>
      </object_component>
      <object_component id="oc-18">
         <name>.text:decompress:none</name>
         <load_address>0x3972</load_address>
         <run_address>0x3972</run_address>
         <size>0xe</size>
         <input_file_ref idref="fl-c4"/>
      </object_component>
      <object_component id="oc-228">
         <name>.text:CPUcpsid</name>
         <load_address>0x3980</load_address>
         <run_address>0x3980</run_address>
         <size>0xc</size>
         <input_file_ref idref="fl-f1"/>
      </object_component>
      <object_component id="oc-277">
         <name>.text:CPUcpsie</name>
         <load_address>0x398c</load_address>
         <run_address>0x398c</run_address>
         <size>0xc</size>
         <input_file_ref idref="fl-f1"/>
      </object_component>
      <object_component id="oc-1e">
         <name>.text:decompress:ZI</name>
         <load_address>0x3998</load_address>
         <run_address>0x3998</run_address>
         <size>0xc</size>
         <input_file_ref idref="fl-c5"/>
      </object_component>
      <object_component id="oc-ff">
         <name>.text:ADCIntClear</name>
         <load_address>0x39a4</load_address>
         <run_address>0x39a4</run_address>
         <size>0xa</size>
         <input_file_ref idref="fl-ea"/>
      </object_component>
      <object_component id="oc-2d3">
         <name>.text:SSIDataPut</name>
         <load_address>0x39ae</load_address>
         <run_address>0x39ae</run_address>
         <size>0xa</size>
         <input_file_ref idref="fl-ee"/>
      </object_component>
      <object_component id="oc-2c1">
         <name>.text:SSIEnable</name>
         <load_address>0x39b8</load_address>
         <run_address>0x39b8</run_address>
         <size>0xa</size>
         <input_file_ref idref="fl-ee"/>
      </object_component>
      <object_component id="oc-2f6">
         <name>.text:GrMapISO8859_1_Unicode</name>
         <load_address>0x39c2</load_address>
         <run_address>0x39c2</run_address>
         <size>0x8</size>
         <input_file_ref idref="fl-e8"/>
      </object_component>
      <object_component id="oc-2cd">
         <name>.text:SSIBusy</name>
         <load_address>0x39ca</load_address>
         <run_address>0x39ca</run_address>
         <size>0x8</size>
         <input_file_ref idref="fl-ee"/>
      </object_component>
      <object_component id="oc-9b">
         <name>.text:TimerIntEnable</name>
         <load_address>0x39d2</load_address>
         <run_address>0x39d2</run_address>
         <size>0x8</size>
         <input_file_ref idref="fl-f0"/>
      </object_component>
      <object_component id="oc-10c">
         <name>.text:GPIOPinRead</name>
         <load_address>0x39da</load_address>
         <run_address>0x39da</run_address>
         <size>0x6</size>
         <input_file_ref idref="fl-ec"/>
      </object_component>
      <object_component id="oc-2c7">
         <name>.text:GPIOPinWrite</name>
         <load_address>0x39e0</load_address>
         <run_address>0x39e0</run_address>
         <size>0x6</size>
         <input_file_ref idref="fl-ec"/>
      </object_component>
      <object_component id="oc-1d2">
         <name>.text:GrContextFontSet</name>
         <load_address>0x39e6</load_address>
         <run_address>0x39e6</run_address>
         <size>0x6</size>
         <input_file_ref idref="fl-e6"/>
      </object_component>
      <object_component id="oc-24d">
         <name>.text:SysCtlDelay</name>
         <load_address>0x39ec</load_address>
         <run_address>0x39ec</run_address>
         <size>0x6</size>
         <input_file_ref idref="fl-ef"/>
      </object_component>
      <object_component id="oc-63">
         <name>.text</name>
         <load_address>0x39f2</load_address>
         <run_address>0x39f2</run_address>
         <size>0x4</size>
         <input_file_ref idref="fl-ca"/>
      </object_component>
      <object_component id="oc-268">
         <name>.const:.string:g_pui8FontFixed6x8Data</name>
         <load_address>0x39f8</load_address>
         <run_address>0x39f8</run_address>
         <size>0x2f8</size>
         <input_file_ref idref="fl-e7"/>
      </object_component>
      <object_component id="oc-240">
         <name>.const:g_pppui32XTALtoVCO</name>
         <load_address>0x3cf0</load_address>
         <run_address>0x3cf0</run_address>
         <size>0x120</size>
         <input_file_ref idref="fl-ef"/>
      </object_component>
      <object_component id="oc-3b3">
         <name>.const:.string:_ctypes_</name>
         <load_address>0x3e10</load_address>
         <run_address>0x3e10</run_address>
         <size>0x101</size>
         <input_file_ref idref="fl-d3"/>
      </object_component>
      <object_component id="oc-1cf">
         <name>.const:g_sFontFixed6x8</name>
         <load_address>0x3f14</load_address>
         <run_address>0x3f14</run_address>
         <size>0xc8</size>
         <input_file_ref idref="fl-e7"/>
      </object_component>
      <object_component id="oc-16f">
         <name>.const:g_pui32Regs</name>
         <load_address>0x3fdc</load_address>
         <run_address>0x3fdc</run_address>
         <size>0x9c</size>
         <input_file_ref idref="fl-ed"/>
      </object_component>
      <object_component id="oc-373">
         <name>.const:g_pui32GPIOBaseAddrs</name>
         <load_address>0x4078</load_address>
         <run_address>0x4078</run_address>
         <size>0x90</size>
         <input_file_ref idref="fl-ec"/>
      </object_component>
      <object_component id="oc-174">
         <name>.const</name>
         <load_address>0x4108</load_address>
         <run_address>0x4108</run_address>
         <size>0x70</size>
         <input_file_ref idref="fl-ed"/>
      </object_component>
      <object_component id="oc-23d">
         <name>.const:g_pui32Xtals</name>
         <load_address>0x4178</load_address>
         <run_address>0x4178</run_address>
         <size>0x6c</size>
         <input_file_ref idref="fl-ef"/>
      </object_component>
      <object_component id="oc-29e">
         <name>.const:g_sXTALtoMEMTIM</name>
         <load_address>0x41e4</load_address>
         <run_address>0x41e4</run_address>
         <size>0x30</size>
         <input_file_ref idref="fl-ef"/>
      </object_component>
      <object_component id="oc-1c6">
         <name>.const:g_sCrystalfontz128x128</name>
         <load_address>0x4214</load_address>
         <run_address>0x4214</run_address>
         <size>0x28</size>
         <input_file_ref idref="fl-2"/>
      </object_component>
      <object_component id="oc-261">
         <name>.const</name>
         <load_address>0x423c</load_address>
         <run_address>0x423c</run_address>
         <size>0x10</size>
         <input_file_ref idref="fl-e4"/>
      </object_component>
      <object_component id="oc-243">
         <name>.const</name>
         <load_address>0x424c</load_address>
         <run_address>0x424c</run_address>
         <size>0x8</size>
         <input_file_ref idref="fl-ef"/>
      </object_component>
      <object_component id="oc-400">
         <name>.cinit..data.load</name>
         <load_address>0x4258</load_address>
         <run_address>0x4258</run_address>
         <size>0x1a</size>
      </object_component>
      <object_component id="oc-3fe">
         <name>__TI_handler_table</name>
         <load_address>0x4274</load_address>
         <run_address>0x4274</run_address>
         <size>0xc</size>
      </object_component>
      <object_component id="oc-401">
         <name>.cinit..bss.load</name>
         <load_address>0x4280</load_address>
         <run_address>0x4280</run_address>
         <size>0x8</size>
      </object_component>
      <object_component id="oc-3ff">
         <name>__TI_cinit_table</name>
         <load_address>0x4288</load_address>
         <run_address>0x4288</run_address>
         <size>0x10</size>
      </object_component>
      <object_component id="oc-255">
         <name>.data:Lcd_buffer</name>
         <load_address>0x20000000</load_address>
         <run_address>0x20000000</run_address>
         <size>0x8000</size>
         <input_file_ref idref="fl-2"/>
      </object_component>
      <object_component id="oc-e7">
         <name>.data</name>
         <load_address>0x20008040</load_address>
         <run_address>0x20008040</run_address>
         <size>0x6</size>
         <input_file_ref idref="fl-4"/>
      </object_component>
      <object_component id="oc-f6">
         <name>.data:gJoystick</name>
         <load_address>0x20008038</load_address>
         <run_address>0x20008038</run_address>
         <size>0x8</size>
         <input_file_ref idref="fl-4"/>
      </object_component>
      <object_component id="oc-105">
         <name>.data:count$2</name>
         <load_address>0x20008000</load_address>
         <run_address>0x20008000</run_address>
         <size>0x24</size>
         <input_file_ref idref="fl-4"/>
      </object_component>
      <object_component id="oc-112">
         <name>.data</name>
         <load_address>0x20008048</load_address>
         <run_address>0x20008048</run_address>
         <size>0x4</size>
         <input_file_ref idref="fl-5"/>
      </object_component>
      <object_component id="oc-150">
         <name>.data:$O1$$</name>
         <load_address>0x20008024</load_address>
         <run_address>0x20008024</run_address>
         <size>0xc</size>
         <input_file_ref idref="fl-c6"/>
      </object_component>
      <object_component id="oc-7b">
         <name>.data</name>
         <load_address>0x20008050</load_address>
         <run_address>0x20008050</run_address>
         <size>0x4</size>
         <input_file_ref idref="fl-cc"/>
      </object_component>
      <object_component id="oc-153">
         <name>.data:$O1$$</name>
         <load_address>0x20008030</load_address>
         <run_address>0x20008030</run_address>
         <size>0x8</size>
         <input_file_ref idref="fl-cd"/>
      </object_component>
      <object_component id="oc-3ac">
         <name>.data</name>
         <load_address>0x2000804c</load_address>
         <run_address>0x2000804c</run_address>
         <size>0x4</size>
         <input_file_ref idref="fl-e2"/>
      </object_component>
      <object_component id="oc-e6">
         <name>.bss:state$1</name>
         <uninitialized>true</uninitialized>
         <run_address>0x20008854</run_address>
         <size>0x14</size>
         <input_file_ref idref="fl-4"/>
      </object_component>
      <object_component id="oc-254">
         <name>.common:Lcd_Orientation</name>
         <uninitialized>true</uninitialized>
         <run_address>0x2000887c</run_address>
         <size>0x1</size>
      </object_component>
      <object_component id="oc-24f">
         <name>.common:Lcd_ScreenWidth</name>
         <uninitialized>true</uninitialized>
         <run_address>0x20008876</run_address>
         <size>0x2</size>
      </object_component>
      <object_component id="oc-24e">
         <name>.common:Lcd_ScreenHeigth</name>
         <uninitialized>true</uninitialized>
         <run_address>0x20008874</run_address>
         <size>0x2</size>
      </object_component>
      <object_component id="oc-250">
         <name>.common:Lcd_PenSolid</name>
         <uninitialized>true</uninitialized>
         <run_address>0x2000887d</run_address>
         <size>0x1</size>
      </object_component>
      <object_component id="oc-251">
         <name>.common:Lcd_FontSolid</name>
         <uninitialized>true</uninitialized>
         <run_address>0x2000887b</run_address>
         <size>0x1</size>
      </object_component>
      <object_component id="oc-252">
         <name>.common:Lcd_FlagRead</name>
         <uninitialized>true</uninitialized>
         <run_address>0x2000887a</run_address>
         <size>0x1</size>
      </object_component>
      <object_component id="oc-253">
         <name>.common:Lcd_TouchTrim</name>
         <uninitialized>true</uninitialized>
         <run_address>0x20008878</run_address>
         <size>0x2</size>
      </object_component>
      <object_component id="oc-c5">
         <name>.common:gADCSamplingRate</name>
         <uninitialized>true</uninitialized>
         <run_address>0x20008868</run_address>
         <size>0x4</size>
      </object_component>
      <object_component id="oc-92">
         <name>.common:gSystemClock</name>
         <uninitialized>true</uninitialized>
         <run_address>0x2000886c</run_address>
         <size>0x4</size>
      </object_component>
      <object_component id="oc-264">
         <name>.common:g_psGrLibDefaults</name>
         <uninitialized>true</uninitialized>
         <run_address>0x20008870</run_address>
         <size>0x4</size>
      </object_component>
      <object_component id="oc-2a">
         <name>.stack</name>
         <uninitialized>true</uninitialized>
         <run_address>0x20008054</run_address>
         <size>0x0</size>
         <input_file_ref idref="fl-c2"/>
      </object_component>
      <object_component id="oc-402">
         <name>.stack</name>
         <uninitialized>true</uninitialized>
         <run_address>0x20008054</run_address>
         <size>0x0</size>
      </object_component>
      <object_component id="oc-20f">
         <name>.debug_info</name>
         <load_address>0x0</load_address>
         <run_address>0x0</run_address>
         <size>0x6c7</size>
         <input_file_ref idref="fl-2"/>
      </object_component>
      <object_component id="oc-256">
         <name>.debug_info</name>
         <load_address>0x6c7</load_address>
         <run_address>0x6c7</run_address>
         <size>0xd4</size>
         <input_file_ref idref="fl-2"/>
      </object_component>
      <object_component id="oc-1c7">
         <name>.debug_info</name>
         <load_address>0x79b</load_address>
         <run_address>0x79b</run_address>
         <size>0xed</size>
         <input_file_ref idref="fl-2"/>
      </object_component>
      <object_component id="oc-1c1">
         <name>.debug_info</name>
         <load_address>0x888</load_address>
         <run_address>0x888</run_address>
         <size>0x10ec</size>
         <input_file_ref idref="fl-2"/>
      </object_component>
      <object_component id="oc-162">
         <name>.debug_info</name>
         <load_address>0x1974</load_address>
         <run_address>0x1974</run_address>
         <size>0x6bd</size>
         <input_file_ref idref="fl-2"/>
      </object_component>
      <object_component id="oc-11b">
         <name>.debug_info</name>
         <load_address>0x2031</load_address>
         <run_address>0x2031</run_address>
         <size>0x8b</size>
         <input_file_ref idref="fl-2"/>
      </object_component>
      <object_component id="oc-116">
         <name>.debug_info</name>
         <load_address>0x20bc</load_address>
         <run_address>0x20bc</run_address>
         <size>0x18b</size>
         <input_file_ref idref="fl-2"/>
      </object_component>
      <object_component id="oc-2da">
         <name>.debug_info</name>
         <load_address>0x2247</load_address>
         <run_address>0x2247</run_address>
         <size>0x682</size>
         <input_file_ref idref="fl-3"/>
      </object_component>
      <object_component id="oc-248">
         <name>.debug_info</name>
         <load_address>0x28c9</load_address>
         <run_address>0x28c9</run_address>
         <size>0x5ee</size>
         <input_file_ref idref="fl-3"/>
      </object_component>
      <object_component id="oc-c6">
         <name>.debug_info</name>
         <load_address>0x2eb7</load_address>
         <run_address>0x2eb7</run_address>
         <size>0x7b9</size>
         <input_file_ref idref="fl-4"/>
      </object_component>
      <object_component id="oc-e8">
         <name>.debug_info</name>
         <load_address>0x3670</load_address>
         <run_address>0x3670</run_address>
         <size>0xbd</size>
         <input_file_ref idref="fl-4"/>
      </object_component>
      <object_component id="oc-f7">
         <name>.debug_info</name>
         <load_address>0x372d</load_address>
         <run_address>0x372d</run_address>
         <size>0xbf</size>
         <input_file_ref idref="fl-4"/>
      </object_component>
      <object_component id="oc-34">
         <name>.debug_info</name>
         <load_address>0x37ec</load_address>
         <run_address>0x37ec</run_address>
         <size>0x76e</size>
         <input_file_ref idref="fl-4"/>
      </object_component>
      <object_component id="oc-93">
         <name>.debug_info</name>
         <load_address>0x3f5a</load_address>
         <run_address>0x3f5a</run_address>
         <size>0x7d3</size>
         <input_file_ref idref="fl-5"/>
      </object_component>
      <object_component id="oc-113">
         <name>.debug_info</name>
         <load_address>0x472d</load_address>
         <run_address>0x472d</run_address>
         <size>0xb4</size>
         <input_file_ref idref="fl-5"/>
      </object_component>
      <object_component id="oc-149">
         <name>.debug_info</name>
         <load_address>0x47e1</load_address>
         <run_address>0x47e1</run_address>
         <size>0x321</size>
         <input_file_ref idref="fl-5"/>
      </object_component>
      <object_component id="oc-167">
         <name>.debug_info</name>
         <load_address>0x4b02</load_address>
         <run_address>0x4b02</run_address>
         <size>0xc8</size>
         <input_file_ref idref="fl-5"/>
      </object_component>
      <object_component id="oc-292">
         <name>.debug_info</name>
         <load_address>0x4bca</load_address>
         <run_address>0x4bca</run_address>
         <size>0x4e</size>
         <input_file_ref idref="fl-5"/>
      </object_component>
      <object_component id="oc-39">
         <name>.debug_info</name>
         <load_address>0x4c18</load_address>
         <run_address>0x4c18</run_address>
         <size>0x2a0</size>
         <input_file_ref idref="fl-6"/>
      </object_component>
      <object_component id="oc-10">
         <name>.debug_info</name>
         <load_address>0x4eb8</load_address>
         <run_address>0x4eb8</run_address>
         <size>0xd7</size>
         <input_file_ref idref="fl-6"/>
      </object_component>
      <object_component id="oc-2e">
         <name>.debug_info</name>
         <load_address>0x4f8f</load_address>
         <run_address>0x4f8f</run_address>
         <size>0x256</size>
         <input_file_ref idref="fl-6"/>
      </object_component>
      <object_component id="oc-40">
         <name>.debug_info</name>
         <load_address>0x51e5</load_address>
         <run_address>0x51e5</run_address>
         <size>0x84</size>
         <input_file_ref idref="fl-6"/>
      </object_component>
      <object_component id="oc-25">
         <name>.debug_info</name>
         <load_address>0x5269</load_address>
         <run_address>0x5269</run_address>
         <size>0x160</size>
         <input_file_ref idref="fl-c2"/>
      </object_component>
      <object_component id="oc-127">
         <name>.debug_info</name>
         <load_address>0x53c9</load_address>
         <run_address>0x53c9</run_address>
         <size>0x293</size>
         <input_file_ref idref="fl-c3"/>
      </object_component>
      <object_component id="oc-13">
         <name>.debug_info</name>
         <load_address>0x565c</load_address>
         <run_address>0x565c</run_address>
         <size>0x245</size>
         <input_file_ref idref="fl-c3"/>
      </object_component>
      <object_component id="oc-3b">
         <name>.debug_info</name>
         <load_address>0x58a1</load_address>
         <run_address>0x58a1</run_address>
         <size>0x60</size>
         <input_file_ref idref="fl-c3"/>
      </object_component>
      <object_component id="oc-122">
         <name>.debug_info</name>
         <load_address>0x5901</load_address>
         <run_address>0x5901</run_address>
         <size>0x46</size>
         <input_file_ref idref="fl-c3"/>
      </object_component>
      <object_component id="oc-50">
         <name>.debug_info</name>
         <load_address>0x5947</load_address>
         <run_address>0x5947</run_address>
         <size>0x2da</size>
         <input_file_ref idref="fl-c4"/>
      </object_component>
      <object_component id="oc-1b">
         <name>.debug_info</name>
         <load_address>0x5c21</load_address>
         <run_address>0x5c21</run_address>
         <size>0x1df</size>
         <input_file_ref idref="fl-c4"/>
      </object_component>
      <object_component id="oc-4b">
         <name>.debug_info</name>
         <load_address>0x5e00</load_address>
         <run_address>0x5e00</run_address>
         <size>0x46</size>
         <input_file_ref idref="fl-c4"/>
      </object_component>
      <object_component id="oc-129">
         <name>.debug_info</name>
         <load_address>0x5e46</load_address>
         <run_address>0x5e46</run_address>
         <size>0x2c</size>
         <input_file_ref idref="fl-c4"/>
      </object_component>
      <object_component id="oc-5c">
         <name>.debug_info</name>
         <load_address>0x5e72</load_address>
         <run_address>0x5e72</run_address>
         <size>0x2c9</size>
         <input_file_ref idref="fl-c5"/>
      </object_component>
      <object_component id="oc-22">
         <name>.debug_info</name>
         <load_address>0x613b</load_address>
         <run_address>0x613b</run_address>
         <size>0x1aa</size>
         <input_file_ref idref="fl-c5"/>
      </object_component>
      <object_component id="oc-57">
         <name>.debug_info</name>
         <load_address>0x62e5</load_address>
         <run_address>0x62e5</run_address>
         <size>0x46</size>
         <input_file_ref idref="fl-c5"/>
      </object_component>
      <object_component id="oc-131">
         <name>.debug_info</name>
         <load_address>0x632b</load_address>
         <run_address>0x632b</run_address>
         <size>0x2c</size>
         <input_file_ref idref="fl-c5"/>
      </object_component>
      <object_component id="oc-157">
         <name>.debug_info</name>
         <load_address>0x6357</load_address>
         <run_address>0x6357</run_address>
         <size>0x3ce</size>
         <input_file_ref idref="fl-c6"/>
      </object_component>
      <object_component id="oc-151">
         <name>.debug_info</name>
         <load_address>0x6725</load_address>
         <run_address>0x6725</run_address>
         <size>0x185</size>
         <input_file_ref idref="fl-c6"/>
      </object_component>
      <object_component id="oc-76">
         <name>.debug_info</name>
         <load_address>0x68aa</load_address>
         <run_address>0x68aa</run_address>
         <size>0x214</size>
         <input_file_ref idref="fl-c6"/>
      </object_component>
      <object_component id="oc-48">
         <name>.debug_info</name>
         <load_address>0x6abe</load_address>
         <run_address>0x6abe</run_address>
         <size>0x111</size>
         <input_file_ref idref="fl-c7"/>
      </object_component>
      <object_component id="oc-52">
         <name>.debug_info</name>
         <load_address>0x6bcf</load_address>
         <run_address>0x6bcf</run_address>
         <size>0x13f</size>
         <input_file_ref idref="fl-c8"/>
      </object_component>
      <object_component id="oc-5e">
         <name>.debug_info</name>
         <load_address>0x6d0e</load_address>
         <run_address>0x6d0e</run_address>
         <size>0x138</size>
         <input_file_ref idref="fl-c9"/>
      </object_component>
      <object_component id="oc-65">
         <name>.debug_info</name>
         <load_address>0x6e46</load_address>
         <run_address>0x6e46</run_address>
         <size>0x148</size>
         <input_file_ref idref="fl-ca"/>
      </object_component>
      <object_component id="oc-287">
         <name>.debug_info</name>
         <load_address>0x6f8e</load_address>
         <run_address>0x6f8e</run_address>
         <size>0x35c</size>
         <input_file_ref idref="fl-cb"/>
      </object_component>
      <object_component id="oc-1e7">
         <name>.debug_info</name>
         <load_address>0x72ea</load_address>
         <run_address>0x72ea</run_address>
         <size>0x33e</size>
         <input_file_ref idref="fl-cb"/>
      </object_component>
      <object_component id="oc-288">
         <name>.debug_info</name>
         <load_address>0x7628</load_address>
         <run_address>0x7628</run_address>
         <size>0x2c</size>
         <input_file_ref idref="fl-cb"/>
      </object_component>
      <object_component id="oc-28d">
         <name>.debug_info</name>
         <load_address>0x7654</load_address>
         <run_address>0x7654</run_address>
         <size>0x69</size>
         <input_file_ref idref="fl-cb"/>
      </object_component>
      <object_component id="oc-7c">
         <name>.debug_info</name>
         <load_address>0x76bd</load_address>
         <run_address>0x76bd</run_address>
         <size>0x109</size>
         <input_file_ref idref="fl-cc"/>
      </object_component>
      <object_component id="oc-202">
         <name>.debug_info</name>
         <load_address>0x77c6</load_address>
         <run_address>0x77c6</run_address>
         <size>0x2be</size>
         <input_file_ref idref="fl-cd"/>
      </object_component>
      <object_component id="oc-154">
         <name>.debug_info</name>
         <load_address>0x7a84</load_address>
         <run_address>0x7a84</run_address>
         <size>0x113</size>
         <input_file_ref idref="fl-cd"/>
      </object_component>
      <object_component id="oc-1fe">
         <name>.debug_info</name>
         <load_address>0x7b97</load_address>
         <run_address>0x7b97</run_address>
         <size>0x21f</size>
         <input_file_ref idref="fl-cd"/>
      </object_component>
      <object_component id="oc-363">
         <name>.debug_info</name>
         <load_address>0x7db6</load_address>
         <run_address>0x7db6</run_address>
         <size>0x51f</size>
         <input_file_ref idref="fl-ce"/>
      </object_component>
      <object_component id="oc-282">
         <name>.debug_info</name>
         <load_address>0x82d5</load_address>
         <run_address>0x82d5</run_address>
         <size>0x1543</size>
         <input_file_ref idref="fl-ce"/>
      </object_component>
      <object_component id="oc-364">
         <name>.debug_info</name>
         <load_address>0x9818</load_address>
         <run_address>0x9818</run_address>
         <size>0x86</size>
         <input_file_ref idref="fl-ce"/>
      </object_component>
      <object_component id="oc-3bc">
         <name>.debug_info</name>
         <load_address>0x989e</load_address>
         <run_address>0x989e</run_address>
         <size>0x46</size>
         <input_file_ref idref="fl-ce"/>
      </object_component>
      <object_component id="oc-369">
         <name>.debug_info</name>
         <load_address>0x98e4</load_address>
         <run_address>0x98e4</run_address>
         <size>0x39</size>
         <input_file_ref idref="fl-ce"/>
      </object_component>
      <object_component id="oc-14f">
         <name>.debug_info</name>
         <load_address>0x991d</load_address>
         <run_address>0x991d</run_address>
         <size>0x300</size>
         <input_file_ref idref="fl-cf"/>
      </object_component>
      <object_component id="oc-72">
         <name>.debug_info</name>
         <load_address>0x9c1d</load_address>
         <run_address>0x9c1d</run_address>
         <size>0x167</size>
         <input_file_ref idref="fl-cf"/>
      </object_component>
      <object_component id="oc-1f3">
         <name>.debug_info</name>
         <load_address>0x9d84</load_address>
         <run_address>0x9d84</run_address>
         <size>0x5e</size>
         <input_file_ref idref="fl-cf"/>
      </object_component>
      <object_component id="oc-3b7">
         <name>.debug_info</name>
         <load_address>0x9de2</load_address>
         <run_address>0x9de2</run_address>
         <size>0x2ae</size>
         <input_file_ref idref="fl-d0"/>
      </object_component>
      <object_component id="oc-357">
         <name>.debug_info</name>
         <load_address>0xa090</load_address>
         <run_address>0xa090</run_address>
         <size>0x171</size>
         <input_file_ref idref="fl-d0"/>
      </object_component>
      <object_component id="oc-147">
         <name>.debug_info</name>
         <load_address>0xa201</load_address>
         <run_address>0xa201</run_address>
         <size>0x483</size>
         <input_file_ref idref="fl-d1"/>
      </object_component>
      <object_component id="oc-6b">
         <name>.debug_info</name>
         <load_address>0xa684</load_address>
         <run_address>0xa684</run_address>
         <size>0x190</size>
         <input_file_ref idref="fl-d1"/>
      </object_component>
      <object_component id="oc-19e">
         <name>.debug_info</name>
         <load_address>0xa814</load_address>
         <run_address>0xa814</run_address>
         <size>0x39</size>
         <input_file_ref idref="fl-d1"/>
      </object_component>
      <object_component id="oc-223">
         <name>.debug_info</name>
         <load_address>0xa84d</load_address>
         <run_address>0xa84d</run_address>
         <size>0x39</size>
         <input_file_ref idref="fl-d1"/>
      </object_component>
      <object_component id="oc-1a3">
         <name>.debug_info</name>
         <load_address>0xa886</load_address>
         <run_address>0xa886</run_address>
         <size>0xcd</size>
         <input_file_ref idref="fl-d1"/>
      </object_component>
      <object_component id="oc-19a">
         <name>.debug_info</name>
         <load_address>0xa953</load_address>
         <run_address>0xa953</run_address>
         <size>0x37a</size>
         <input_file_ref idref="fl-d2"/>
      </object_component>
      <object_component id="oc-13b">
         <name>.debug_info</name>
         <load_address>0xaccd</load_address>
         <run_address>0xaccd</run_address>
         <size>0x183</size>
         <input_file_ref idref="fl-d2"/>
      </object_component>
      <object_component id="oc-21e">
         <name>.debug_info</name>
         <load_address>0xae50</load_address>
         <run_address>0xae50</run_address>
         <size>0x2c</size>
         <input_file_ref idref="fl-d2"/>
      </object_component>
      <object_component id="oc-3d8">
         <name>.debug_info</name>
         <load_address>0xae7c</load_address>
         <run_address>0xae7c</run_address>
         <size>0xee</size>
         <input_file_ref idref="fl-d3"/>
      </object_component>
      <object_component id="oc-3b4">
         <name>.debug_info</name>
         <load_address>0xaf6a</load_address>
         <run_address>0xaf6a</run_address>
         <size>0xfa</size>
         <input_file_ref idref="fl-d3"/>
      </object_component>
      <object_component id="oc-341">
         <name>.debug_info</name>
         <load_address>0xb064</load_address>
         <run_address>0xb064</run_address>
         <size>0x144</size>
         <input_file_ref idref="fl-d4"/>
      </object_component>
      <object_component id="oc-31c">
         <name>.debug_info</name>
         <load_address>0xb1a8</load_address>
         <run_address>0xb1a8</run_address>
         <size>0x120</size>
         <input_file_ref idref="fl-d5"/>
      </object_component>
      <object_component id="oc-32b">
         <name>.debug_info</name>
         <load_address>0xb2c8</load_address>
         <run_address>0xb2c8</run_address>
         <size>0x122</size>
         <input_file_ref idref="fl-d5"/>
      </object_component>
      <object_component id="oc-327">
         <name>.debug_info</name>
         <load_address>0xb3ea</load_address>
         <run_address>0xb3ea</run_address>
         <size>0x132</size>
         <input_file_ref idref="fl-d6"/>
      </object_component>
      <object_component id="oc-323">
         <name>.debug_info</name>
         <load_address>0xb51c</load_address>
         <run_address>0xb51c</run_address>
         <size>0x132</size>
         <input_file_ref idref="fl-d7"/>
      </object_component>
      <object_component id="oc-330">
         <name>.debug_info</name>
         <load_address>0xb64e</load_address>
         <run_address>0xb64e</run_address>
         <size>0x126</size>
         <input_file_ref idref="fl-d8"/>
      </object_component>
      <object_component id="oc-33d">
         <name>.debug_info</name>
         <load_address>0xb774</load_address>
         <run_address>0xb774</run_address>
         <size>0x124</size>
         <input_file_ref idref="fl-d9"/>
      </object_component>
      <object_component id="oc-39c">
         <name>.debug_info</name>
         <load_address>0xb898</load_address>
         <run_address>0xb898</run_address>
         <size>0x2e6</size>
         <input_file_ref idref="fl-da"/>
      </object_component>
      <object_component id="oc-336">
         <name>.debug_info</name>
         <load_address>0xbb7e</load_address>
         <run_address>0xbb7e</run_address>
         <size>0x1c2</size>
         <input_file_ref idref="fl-da"/>
      </object_component>
      <object_component id="oc-3b9">
         <name>.debug_info</name>
         <load_address>0xbd40</load_address>
         <run_address>0xbd40</run_address>
         <size>0x28b</size>
         <input_file_ref idref="fl-db"/>
      </object_component>
      <object_component id="oc-35d">
         <name>.debug_info</name>
         <load_address>0xbfcb</load_address>
         <run_address>0xbfcb</run_address>
         <size>0x1ab</size>
         <input_file_ref idref="fl-db"/>
      </object_component>
      <object_component id="oc-3a0">
         <name>.debug_info</name>
         <load_address>0xc176</load_address>
         <run_address>0xc176</run_address>
         <size>0x2d9</size>
         <input_file_ref idref="fl-dc"/>
      </object_component>
      <object_component id="oc-347">
         <name>.debug_info</name>
         <load_address>0xc44f</load_address>
         <run_address>0xc44f</run_address>
         <size>0x18a</size>
         <input_file_ref idref="fl-dc"/>
      </object_component>
      <object_component id="oc-3a1">
         <name>.debug_info</name>
         <load_address>0xc5d9</load_address>
         <run_address>0xc5d9</run_address>
         <size>0x2c</size>
         <input_file_ref idref="fl-dc"/>
      </object_component>
      <object_component id="oc-3b0">
         <name>.debug_info</name>
         <load_address>0xc605</load_address>
         <run_address>0xc605</run_address>
         <size>0x316</size>
         <input_file_ref idref="fl-dd"/>
      </object_component>
      <object_component id="oc-34c">
         <name>.debug_info</name>
         <load_address>0xc91b</load_address>
         <run_address>0xc91b</run_address>
         <size>0x1d5</size>
         <input_file_ref idref="fl-dd"/>
      </object_component>
      <object_component id="oc-143">
         <name>.debug_info</name>
         <load_address>0xcaf0</load_address>
         <run_address>0xcaf0</run_address>
         <size>0x145</size>
         <input_file_ref idref="fl-de"/>
      </object_component>
      <object_component id="oc-3b2">
         <name>.debug_info</name>
         <load_address>0xcc35</load_address>
         <run_address>0xcc35</run_address>
         <size>0x28f</size>
         <input_file_ref idref="fl-df"/>
      </object_component>
      <object_component id="oc-351">
         <name>.debug_info</name>
         <load_address>0xcec4</load_address>
         <run_address>0xcec4</run_address>
         <size>0x244</size>
         <input_file_ref idref="fl-df"/>
      </object_component>
      <object_component id="oc-395">
         <name>.debug_info</name>
         <load_address>0xd108</load_address>
         <run_address>0xd108</run_address>
         <size>0x284</size>
         <input_file_ref idref="fl-e0"/>
      </object_component>
      <object_component id="oc-316">
         <name>.debug_info</name>
         <load_address>0xd38c</load_address>
         <run_address>0xd38c</run_address>
         <size>0x22a</size>
         <input_file_ref idref="fl-e0"/>
      </object_component>
      <object_component id="oc-312">
         <name>.debug_info</name>
         <load_address>0xd5b6</load_address>
         <run_address>0xd5b6</run_address>
         <size>0x17d</size>
         <input_file_ref idref="fl-e1"/>
      </object_component>
      <object_component id="oc-3ad">
         <name>.debug_info</name>
         <load_address>0xd733</load_address>
         <run_address>0xd733</run_address>
         <size>0xf3</size>
         <input_file_ref idref="fl-e2"/>
      </object_component>
      <object_component id="oc-3a9">
         <name>.debug_info</name>
         <load_address>0xd826</load_address>
         <run_address>0xd826</run_address>
         <size>0x156</size>
         <input_file_ref idref="fl-e3"/>
      </object_component>
      <object_component id="oc-265">
         <name>.debug_info</name>
         <load_address>0xd97c</load_address>
         <run_address>0xd97c</run_address>
         <size>0x464</size>
         <input_file_ref idref="fl-e4"/>
      </object_component>
      <object_component id="oc-262">
         <name>.debug_info</name>
         <load_address>0xdde0</load_address>
         <run_address>0xdde0</run_address>
         <size>0x167</size>
         <input_file_ref idref="fl-e4"/>
      </object_component>
      <object_component id="oc-1cb">
         <name>.debug_info</name>
         <load_address>0xdf47</load_address>
         <run_address>0xdf47</run_address>
         <size>0x27d</size>
         <input_file_ref idref="fl-e4"/>
      </object_component>
      <object_component id="oc-27f">
         <name>.debug_info</name>
         <load_address>0xe1c4</load_address>
         <run_address>0xe1c4</run_address>
         <size>0x3d9</size>
         <input_file_ref idref="fl-e5"/>
      </object_component>
      <object_component id="oc-1df">
         <name>.debug_info</name>
         <load_address>0xe59d</load_address>
         <run_address>0xe59d</run_address>
         <size>0x284</size>
         <input_file_ref idref="fl-e5"/>
      </object_component>
      <object_component id="oc-275">
         <name>.debug_info</name>
         <load_address>0xe821</load_address>
         <run_address>0xe821</run_address>
         <size>0x51c</size>
         <input_file_ref idref="fl-e6"/>
      </object_component>
      <object_component id="oc-2e4">
         <name>.debug_info</name>
         <load_address>0xed3d</load_address>
         <run_address>0xed3d</run_address>
         <size>0x2fe</size>
         <input_file_ref idref="fl-e6"/>
      </object_component>
      <object_component id="oc-383">
         <name>.debug_info</name>
         <load_address>0xf03b</load_address>
         <run_address>0xf03b</run_address>
         <size>0x315</size>
         <input_file_ref idref="fl-e6"/>
      </object_component>
      <object_component id="oc-389">
         <name>.debug_info</name>
         <load_address>0xf350</load_address>
         <run_address>0xf350</run_address>
         <size>0x34b</size>
         <input_file_ref idref="fl-e6"/>
      </object_component>
      <object_component id="oc-2ea">
         <name>.debug_info</name>
         <load_address>0xf69b</load_address>
         <run_address>0xf69b</run_address>
         <size>0x30a</size>
         <input_file_ref idref="fl-e6"/>
      </object_component>
      <object_component id="oc-2de">
         <name>.debug_info</name>
         <load_address>0xf9a5</load_address>
         <run_address>0xf9a5</run_address>
         <size>0x341</size>
         <input_file_ref idref="fl-e6"/>
      </object_component>
      <object_component id="oc-1eb">
         <name>.debug_info</name>
         <load_address>0xfce6</load_address>
         <run_address>0xfce6</run_address>
         <size>0x2fc</size>
         <input_file_ref idref="fl-e6"/>
      </object_component>
      <object_component id="oc-305">
         <name>.debug_info</name>
         <load_address>0xffe2</load_address>
         <run_address>0xffe2</run_address>
         <size>0x254</size>
         <input_file_ref idref="fl-e6"/>
      </object_component>
      <object_component id="oc-26f">
         <name>.debug_info</name>
         <load_address>0x10236</load_address>
         <run_address>0x10236</run_address>
         <size>0x2b6</size>
         <input_file_ref idref="fl-e6"/>
      </object_component>
      <object_component id="oc-2f0">
         <name>.debug_info</name>
         <load_address>0x104ec</load_address>
         <run_address>0x104ec</run_address>
         <size>0x49a</size>
         <input_file_ref idref="fl-e6"/>
      </object_component>
      <object_component id="oc-25d">
         <name>.debug_info</name>
         <load_address>0x10986</load_address>
         <run_address>0x10986</run_address>
         <size>0x4bd</size>
         <input_file_ref idref="fl-e6"/>
      </object_component>
      <object_component id="oc-1d3">
         <name>.debug_info</name>
         <load_address>0x10e43</load_address>
         <run_address>0x10e43</run_address>
         <size>0x28d</size>
         <input_file_ref idref="fl-e6"/>
      </object_component>
      <object_component id="oc-26d">
         <name>.debug_info</name>
         <load_address>0x110d0</load_address>
         <run_address>0x110d0</run_address>
         <size>0x362</size>
         <input_file_ref idref="fl-e7"/>
      </object_component>
      <object_component id="oc-269">
         <name>.debug_info</name>
         <load_address>0x11432</load_address>
         <run_address>0x11432</run_address>
         <size>0x165</size>
         <input_file_ref idref="fl-e7"/>
      </object_component>
      <object_component id="oc-1d0">
         <name>.debug_info</name>
         <load_address>0x11597</load_address>
         <run_address>0x11597</run_address>
         <size>0x158</size>
         <input_file_ref idref="fl-e7"/>
      </object_component>
      <object_component id="oc-391">
         <name>.debug_info</name>
         <load_address>0x116ef</load_address>
         <run_address>0x116ef</run_address>
         <size>0x3cd</size>
         <input_file_ref idref="fl-e8"/>
      </object_component>
      <object_component id="oc-2f7">
         <name>.debug_info</name>
         <load_address>0x11abc</load_address>
         <run_address>0x11abc</run_address>
         <size>0x2b1</size>
         <input_file_ref idref="fl-e8"/>
      </object_component>
      <object_component id="oc-185">
         <name>.debug_info</name>
         <load_address>0x11d6d</load_address>
         <run_address>0x11d6d</run_address>
         <size>0x23d</size>
         <input_file_ref idref="fl-ea"/>
      </object_component>
      <object_component id="oc-dc">
         <name>.debug_info</name>
         <load_address>0x11faa</load_address>
         <run_address>0x11faa</run_address>
         <size>0x333</size>
         <input_file_ref idref="fl-ea"/>
      </object_component>
      <object_component id="oc-e2">
         <name>.debug_info</name>
         <load_address>0x122dd</load_address>
         <run_address>0x122dd</run_address>
         <size>0x2a0</size>
         <input_file_ref idref="fl-ea"/>
      </object_component>
      <object_component id="oc-d0">
         <name>.debug_info</name>
         <load_address>0x1257d</load_address>
         <run_address>0x1257d</run_address>
         <size>0x2a2</size>
         <input_file_ref idref="fl-ea"/>
      </object_component>
      <object_component id="oc-fb">
         <name>.debug_info</name>
         <load_address>0x1281f</load_address>
         <run_address>0x1281f</run_address>
         <size>0x2ff</size>
         <input_file_ref idref="fl-ea"/>
      </object_component>
      <object_component id="oc-d6">
         <name>.debug_info</name>
         <load_address>0x12b1e</load_address>
         <run_address>0x12b1e</run_address>
         <size>0x326</size>
         <input_file_ref idref="fl-ea"/>
      </object_component>
      <object_component id="oc-ec">
         <name>.debug_info</name>
         <load_address>0x12e44</load_address>
         <run_address>0x12e44</run_address>
         <size>0x2a4</size>
         <input_file_ref idref="fl-ea"/>
      </object_component>
      <object_component id="oc-f2">
         <name>.debug_info</name>
         <load_address>0x130e8</load_address>
         <run_address>0x130e8</run_address>
         <size>0x2e7</size>
         <input_file_ref idref="fl-ea"/>
      </object_component>
      <object_component id="oc-101">
         <name>.debug_info</name>
         <load_address>0x133cf</load_address>
         <run_address>0x133cf</run_address>
         <size>0x294</size>
         <input_file_ref idref="fl-ea"/>
      </object_component>
      <object_component id="oc-c9">
         <name>.debug_info</name>
         <load_address>0x13663</load_address>
         <run_address>0x13663</run_address>
         <size>0x2ce</size>
         <input_file_ref idref="fl-ea"/>
      </object_component>
      <object_component id="oc-1b8">
         <name>.debug_info</name>
         <load_address>0x13931</load_address>
         <run_address>0x13931</run_address>
         <size>0x225</size>
         <input_file_ref idref="fl-eb"/>
      </object_component>
      <object_component id="oc-1b0">
         <name>.debug_info</name>
         <load_address>0x13b56</load_address>
         <run_address>0x13b56</run_address>
         <size>0x20d</size>
         <input_file_ref idref="fl-eb"/>
      </object_component>
      <object_component id="oc-17f">
         <name>.debug_info</name>
         <load_address>0x13d63</load_address>
         <run_address>0x13d63</run_address>
         <size>0x230</size>
         <input_file_ref idref="fl-ec"/>
      </object_component>
      <object_component id="oc-374">
         <name>.debug_info</name>
         <load_address>0x13f93</load_address>
         <run_address>0x13f93</run_address>
         <size>0x15b</size>
         <input_file_ref idref="fl-ec"/>
      </object_component>
      <object_component id="oc-2c8">
         <name>.debug_info</name>
         <load_address>0x140ee</load_address>
         <run_address>0x140ee</run_address>
         <size>0x2a3</size>
         <input_file_ref idref="fl-ec"/>
      </object_component>
      <object_component id="oc-179">
         <name>.debug_info</name>
[...]
         <value>0x14f9</value>
         <object_component_ref idref="oc-31"/>
      </symbol>
      <symbol id="sm-d8">
         <name>ButtonReadJoystick</name>
         <value>0x1569</value>
         <object_component_ref idref="oc-31"/>
      </symbol>
      <symbol id="sm-d9">
         <name>ButtonAutoRepeat</name>
         <value>0x1649</value>
         <object_component_ref idref="oc-31"/>
      </symbol>
      <symbol id="sm-da">
         <name>gButtons</name>
         <value>0x20008040</value>
         <object_component_ref idref="oc-e7"/>
      </symbol>
      <symbol id="sm-db">
         <name>ButtonISR</name>
         <value>0x16c9</value>
         <object_component_ref idref="oc-31"/>
      </symbol>
      <symbol id="sm-dc">
         <name>ButtonInit</name>
         <value>0x1349</value>
         <object_component_ref idref="oc-31"/>
      </symbol>
      <symbol id="sm-dd">
         <name>gJoystick</name>
         <value>0x20008038</value>
         <object_component_ref idref="oc-f6"/>
      </symbol>
      <symbol id="sm-100">
         <name>gSystemClock</name>
         <value>0x2000886c</value>
      </symbol>
      <symbol id="sm-101">
         <name>gTime</name>
         <value>0x20008048</value>
         <object_component_ref idref="oc-112"/>
      </symbol>
      <symbol id="sm-102">
         <name>main</name>
         <value>0x2201</value>
         <object_component_ref idref="oc-148"/>
      </symbol>
      <symbol id="sm-123">
         <name>ResetISR</name>
         <value>0x37c9</value>
         <object_component_ref idref="oc-2b"/>
      </symbol>
      <symbol id="sm-124">
         <name>g_pfnVectors</name>
         <value>0x0</value>
         <object_component_ref idref="oc-f"/>
      </symbol>
      <symbol id="sm-135">
         <name>_c_int00</name>
         <value>0x3291</value>
         <object_component_ref idref="oc-24"/>
      </symbol>
      <symbol id="sm-136">
         <name>__stack</name>
         <value>0x20008054</value>
         <object_component_ref idref="oc-2a"/>
      </symbol>
      <symbol id="sm-154">
         <name>__TI_decompress_lzss</name>
         <value>0x3109</value>
         <object_component_ref idref="oc-12"/>
      </symbol>
      <symbol id="sm-16b">
         <name>__TI_decompress_none</name>
         <value>0x3973</value>
         <object_component_ref idref="oc-18"/>
      </symbol>
      <symbol id="sm-182">
         <name>__TI_zero_init</name>
         <value>0x3999</value>
         <object_component_ref idref="oc-1e"/>
      </symbol>
      <symbol id="sm-1a3">
         <name>C$$EXIT</name>
         <value>0x32e5</value>
         <object_component_ref idref="oc-75"/>
      </symbol>
      <symbol id="sm-1a4">
         <name>abort</name>
         <value>0x32e9</value>
         <object_component_ref idref="oc-75"/>
      </symbol>
      <symbol id="sm-1a5">
         <name>exit</name>
         <value>0x32f1</value>
         <object_component_ref idref="oc-75"/>
      </symbol>
      <symbol id="sm-1a6">
         <name>__TI_dtors_ptr</name>
         <value>0x20008028</value>
         <object_component_ref idref="oc-150"/>
      </symbol>
      <symbol id="sm-1a7">
         <name>__TI_cleanup_ptr</name>
         <value>0x20008024</value>
         <object_component_ref idref="oc-150"/>
      </symbol>
      <symbol id="sm-1a8">
         <name>__TI_enable_exit_profile_output</name>
         <value>0x2000802c</value>
         <object_component_ref idref="oc-150"/>
      </symbol>
      <symbol id="sm-1c3">
         <name>memcpy</name>
         <value>0x2c11</value>
         <object_component_ref idref="oc-45"/>
      </symbol>
      <symbol id="sm-1c4">
         <name>__aeabi_memcpy</name>
         <value>0x2c11</value>
         <object_component_ref idref="oc-45"/>
      </symbol>
      <symbol id="sm-1c5">
         <name>__aeabi_memcpy8</name>
         <value>0x2c11</value>
         <object_component_ref idref="oc-45"/>
      </symbol>
      <symbol id="sm-1c6">
         <name>__aeabi_memcpy4</name>
         <value>0x2c11</value>
         <object_component_ref idref="oc-45"/>
      </symbol>
      <symbol id="sm-1d5">
         <name>__aeabi_memset</name>
         <value>0x2f4f</value>
         <object_component_ref idref="oc-51"/>
      </symbol>
      <symbol id="sm-1d6">
         <name>memset</name>
         <value>0x2f55</value>
         <object_component_ref idref="oc-51"/>
      </symbol>
      <symbol id="sm-1d7">
         <name>__aeabi_memset8</name>
         <value>0x2f4f</value>
         <object_component_ref idref="oc-51"/>
      </symbol>
      <symbol id="sm-1d8">
         <name>__aeabi_memset4</name>
         <value>0x2f4f</value>
         <object_component_ref idref="oc-51"/>
      </symbol>
      <symbol id="sm-1d9">
         <name>__aeabi_memclr8</name>
         <value>0x2f4d</value>
         <object_component_ref idref="oc-51"/>
      </symbol>
      <symbol id="sm-1da">
         <name>__aeabi_memclr4</name>
         <value>0x2f4d</value>
         <object_component_ref idref="oc-51"/>
      </symbol>
      <symbol id="sm-1db">
         <name>__aeabi_memclr</name>
         <value>0x2f4d</value>
         <object_component_ref idref="oc-51"/>
      </symbol>
      <symbol id="sm-1e5">
         <name>__mpu_init</name>
         <value>0x1347</value>
         <object_component_ref idref="oc-5d"/>
      </symbol>
      <symbol id="sm-1ef">
         <name>_system_pre_init</name>
         <value>0x39f3</value>
         <object_component_ref idref="oc-63"/>
      </symbol>
      <symbol id="sm-210">
         <name>snprintf</name>
         <value>0x2cad</value>
         <object_component_ref idref="oc-1e4"/>
      </symbol>
      <symbol id="sm-218">
         <name>main_func_sp</name>
         <value>0x20008050</value>
         <object_component_ref idref="oc-7b"/>
      </symbol>
      <symbol id="sm-231">
         <name>_nop</name>
         <value>0x3893</value>
         <object_component_ref idref="oc-1fa"/>
      </symbol>
      <symbol id="sm-232">
         <name>_lock</name>
         <value>0x20008030</value>
         <object_component_ref idref="oc-153"/>
      </symbol>
      <symbol id="sm-233">
         <name>_unlock</name>
         <value>0x20008034</value>
         <object_component_ref idref="oc-153"/>
      </symbol>
      <symbol id="sm-234">
         <name>_register_lock</name>
         <value>0x388b</value>
         <object_component_ref idref="oc-1fa"/>
      </symbol>
      <symbol id="sm-235">
         <name>_register_unlock</name>
         <value>0x3885</value>
         <object_component_ref idref="oc-1fa"/>
      </symbol>
      <symbol id="sm-336">
         <name>__TI_printfi</name>
         <value>0xa4d</value>
         <object_component_ref idref="oc-280"/>
      </symbol>
      <symbol id="sm-34a">
         <name>_args_main</name>
         <value>0x382d</value>
         <object_component_ref idref="oc-6f"/>
      </symbol>
      <symbol id="sm-360">
         <name>atoi</name>
         <value>0x338d</value>
         <object_component_ref idref="oc-356"/>
      </symbol>
      <symbol id="sm-38a">
         <name>__TI_auto_init</name>
         <value>0x2fc9</value>
         <object_component_ref idref="oc-69"/>
      </symbol>
      <symbol id="sm-3a4">
         <name>copy_in</name>
         <value>0x33d9</value>
         <object_component_ref idref="oc-13a"/>
      </symbol>
      <symbol id="sm-3af">
         <name>_ctypes_</name>
         <value>0x3e10</value>
         <object_component_ref idref="oc-3b3"/>
      </symbol>
      <symbol id="sm-3c6">
         <name>__aeabi_dsub</name>
         <value>0x23bb</value>
         <object_component_ref idref="oc-33f"/>
      </symbol>
      <symbol id="sm-3c7">
         <name>__aeabi_dadd</name>
         <value>0x23c5</value>
         <object_component_ref idref="oc-33f"/>
      </symbol>
      <symbol id="sm-3e9">
         <name>__aeabi_cdcmpeq</name>
         <value>0x2dc7</value>
         <object_component_ref idref="oc-31b"/>
      </symbol>
      <symbol id="sm-3ea">
         <name>__aeabi_cdcmple</name>
         <value>0x2dc7</value>
         <object_component_ref idref="oc-31b"/>
      </symbol>
      <symbol id="sm-3eb">
         <name>__aeabi_cdrcmple</name>
         <value>0x2e4d</value>
         <object_component_ref idref="oc-32a"/>
      </symbol>
      <symbol id="sm-3ff">
         <name>__aeabi_ddiv</name>
         <value>0x26ef</value>
         <object_component_ref idref="oc-325"/>
      </symbol>
      <symbol id="sm-40a">
         <name>__aeabi_dmul</name>
         <value>0x2955</value>
         <object_component_ref idref="oc-320"/>
      </symbol>
      <symbol id="sm-414">
         <name>__aeabi_d2iz</name>
         <value>0x3501</value>
         <object_component_ref idref="oc-32f"/>
      </symbol>
      <symbol id="sm-41e">
         <name>__aeabi_i2d</name>
         <value>0x368d</value>
         <object_component_ref idref="oc-33a"/>
      </symbol>
      <symbol id="sm-42d">
         <name>ltoa</name>
         <value>0x3339</value>
         <object_component_ref idref="oc-334"/>
      </symbol>
      <symbol id="sm-43d">
         <name>memccpy</name>
         <value>0x37ad</value>
         <object_component_ref idref="oc-35c"/>
      </symbol>
      <symbol id="sm-458">
         <name>frexpl</name>
         <value>0x3171</value>
         <object_component_ref idref="oc-344"/>
      </symbol>
      <symbol id="sm-459">
         <name>frexp</name>
         <value>0x3171</value>
         <object_component_ref idref="oc-344"/>
      </symbol>
      <symbol id="sm-476">
         <name>scalbn</name>
         <value>0x2a51</value>
         <object_component_ref idref="oc-34a"/>
      </symbol>
      <symbol id="sm-477">
         <name>scalbnl</name>
         <value>0x2a51</value>
         <object_component_ref idref="oc-34a"/>
      </symbol>
      <symbol id="sm-478">
         <name>ldexpl</name>
         <value>0x2a51</value>
         <object_component_ref idref="oc-34a"/>
      </symbol>
      <symbol id="sm-479">
         <name>ldexp</name>
         <value>0x2a51</value>
         <object_component_ref idref="oc-34a"/>
      </symbol>
      <symbol id="sm-483">
         <name>_system_post_cinit</name>
         <value>0x1e03</value>
         <object_component_ref idref="oc-140"/>
      </symbol>
      <symbol id="sm-493">
         <name>strchr</name>
         <value>0x385b</value>
         <object_component_ref idref="oc-350"/>
      </symbol>
      <symbol id="sm-4a1">
         <name>strlen</name>
         <value>0x38ad</value>
         <object_component_ref idref="oc-315"/>
      </symbol>
      <symbol id="sm-4bd">
         <name>__aeabi_uldivmod</name>
         <value>0x2009</value>
         <object_component_ref idref="oc-310"/>
      </symbol>
      <symbol id="sm-4c5">
         <name>errno</name>
         <value>0x2000804c</value>
         <object_component_ref idref="oc-3ac"/>
      </symbol>
      <symbol id="sm-4cf">
         <name>copysign</name>
         <value>0x3899</value>
         <object_component_ref idref="oc-3a6"/>
      </symbol>
      <symbol id="sm-4d0">
         <name>copysignl</name>
         <value>0x3899</value>
         <object_component_ref idref="oc-3a6"/>
      </symbol>
      <symbol id="sm-4eb">
         <name>GrContextInit</name>
         <value>0x3039</value>
         <object_component_ref idref="oc-1c9"/>
      </symbol>
      <symbol id="sm-4ec">
         <name>g_psDefaultCodePointMapTable</name>
         <value>0x423c</value>
         <object_component_ref idref="oc-261"/>
      </symbol>
      <symbol id="sm-4fa">
         <name>GrRectFill</name>
         <value>0x2d41</value>
         <object_component_ref idref="oc-1de"/>
      </symbol>
      <symbol id="sm-589">
         <name>GrFontInfoGet</name>
         <value>0x36e5</value>
         <object_component_ref idref="oc-2dd"/>
      </symbol>
      <symbol id="sm-58a">
         <name>GrDefaultStringRenderer</name>
         <value>0x2b4d</value>
         <object_component_ref idref="oc-25b"/>
      </symbol>
      <symbol id="sm-58b">
         <name>GrFontGlyphRender</name>
         <value>0x1bad</value>
         <object_component_ref idref="oc-2ef"/>
      </symbol>
      <symbol id="sm-58c">
         <name>GrContextFontSet</name>
         <value>0x39e7</value>
         <object_component_ref idref="oc-1d2"/>
      </symbol>
      <symbol id="sm-58d">
         <name>GrFontGlyphDataGet</name>
         <value>0x3731</value>
         <object_component_ref idref="oc-2e9"/>
      </symbol>
      <symbol id="sm-58e">
         <name>GrStringDraw</name>
         <value>0x3845</value>
         <object_component_ref idref="oc-1ea"/>
      </symbol>
      <symbol id="sm-58f">
         <name>GrFontCodepageGet</name>
         <value>0x3771</value>
         <object_component_ref idref="oc-304"/>
      </symbol>
      <symbol id="sm-590">
         <name>GrStringNextCharGet</name>
         <value>0x365f</value>
         <object_component_ref idref="oc-2e3"/>
      </symbol>
      <symbol id="sm-5a2">
         <name>g_sFontFixed6x8</name>
         <value>0x3f14</value>
         <object_component_ref idref="oc-1cf"/>
      </symbol>
      <symbol id="sm-5af">
         <name>GrMapISO8859_1_Unicode</name>
         <value>0x39c3</value>
         <object_component_ref idref="oc-2f6"/>
      </symbol>
      <symbol id="sm-605">
         <name>ADCProcessorTrigger</name>
         <value>0x37fb</value>
         <object_component_ref idref="oc-ea"/>
      </symbol>
      <symbol id="sm-606">
         <name>ADCSequenceEnable</name>
         <value>0x3957</value>
         <object_component_ref idref="oc-e0"/>
      </symbol>
      <symbol id="sm-607">
         <name>ADCSequenceConfigure</name>
         <value>0x3549</value>
         <object_component_ref idref="oc-d4"/>
      </symbol>
      <symbol id="sm-608">
         <name>ADCSequenceStepConfigure</name>
         <value>0x2ed3</value>
         <object_component_ref idref="oc-da"/>
      </symbol>
      <symbol id="sm-609">
         <name>ADCIntClear</name>
         <value>0x39a5</value>
         <object_component_ref idref="oc-ff"/>
      </symbol>
      <symbol id="sm-60a">
         <name>ADCIntStatus</name>
         <value>0x3631</value>
         <object_component_ref idref="oc-f0"/>
      </symbol>
      <symbol id="sm-60b">
         <name>ADCSequenceDisable</name>
         <value>0x3949</value>
         <object_component_ref idref="oc-ce"/>
      </symbol>
      <symbol id="sm-60c">
         <name>ADCClockConfigSet</name>
         <value>0x37e3</value>
         <object_component_ref idref="oc-c8"/>
      </symbol>
      <symbol id="sm-60d">
         <name>ADCSequenceDataGet</name>
         <value>0x3753</value>
         <object_component_ref idref="oc-f9"/>
      </symbol>
      <symbol id="sm-623">
         <name>FPULazyStackingEnable</name>
         <value>0x3919</value>
         <object_component_ref idref="oc-1b4"/>
      </symbol>
      <symbol id="sm-624">
         <name>FPUEnable</name>
         <value>0x3909</value>
         <object_component_ref idref="oc-1ae"/>
      </symbol>
      <symbol id="sm-67e">
         <name>GPIOPinConfigure</name>
         <value>0x3471</value>
         <object_component_ref idref="oc-2af"/>
      </symbol>
      <symbol id="sm-67f">
         <name>GPIOPinTypeADC</name>
         <value>0x38c1</value>
         <object_component_ref idref="oc-bf"/>
      </symbol>
      <symbol id="sm-680">
         <name>GPIOPinTypeGPIOInput</name>
         <value>0x38d3</value>
         <object_component_ref idref="oc-b3"/>
      </symbol>
      <symbol id="sm-681">
         <name>GPIOPinTypeGPIOOutput</name>
         <value>0x3813</value>
         <object_component_ref idref="oc-2b5"/>
      </symbol>
      <symbol id="sm-682">
         <name>GPIOPinRead</name>
         <value>0x39db</value>
         <object_component_ref idref="oc-10c"/>
      </symbol>
      <symbol id="sm-683">
         <name>GPIODirModeSet</name>
         <value>0x36bb</value>
         <object_component_ref idref="oc-178"/>
      </symbol>
      <symbol id="sm-684">
         <name>GPIOPinWrite</name>
         <value>0x39e1</value>
         <object_component_ref idref="oc-2c7"/>
      </symbol>
      <symbol id="sm-685">
         <name>GPIOPadConfigSet</name>
         <value>0x2825</value>
         <object_component_ref idref="oc-b9"/>
      </symbol>
      <symbol id="sm-686">
         <name>GPIOPinTypeSSI</name>
         <value>0x38e5</value>
         <object_component_ref idref="oc-2a9"/>
      </symbol>
      <symbol id="sm-6d0">
         <name>IntPrioritySet</name>
         <value>0x370d</value>
         <object_component_ref idref="oc-a7"/>
      </symbol>
      <symbol id="sm-6d1">
         <name>IntEnable</name>
         <value>0x30a1</value>
         <object_component_ref idref="oc-ad"/>
      </symbol>
      <symbol id="sm-6d2">
         <name>IntMasterDisable</name>
         <value>0x3929</value>
         <object_component_ref idref="oc-1a8"/>
      </symbol>
      <symbol id="sm-6d3">
         <name>IntMasterEnable</name>
         <value>0x3939</value>
         <object_component_ref idref="oc-1d8"/>
      </symbol>
      <symbol id="sm-6fa">
         <name>SSIDataPut</name>
         <value>0x39af</value>
         <object_component_ref idref="oc-2d3"/>
      </symbol>
      <symbol id="sm-6fb">
         <name>SSIConfigSetExpClk</name>
         <value>0x3587</value>
         <object_component_ref idref="oc-2bb"/>
      </symbol>
      <symbol id="sm-6fc">
         <name>SSIEnable</name>
         <value>0x39b9</value>
         <object_component_ref idref="oc-2c1"/>
      </symbol>
      <symbol id="sm-6fd">
         <name>SSIBusy</name>
         <value>0x39cb</value>
         <object_component_ref idref="oc-2cd"/>
      </symbol>
      <symbol id="sm-76d">
         <name>SysCtlDelay</name>
         <value>0x39ed</value>
         <object_component_ref idref="oc-24d"/>
      </symbol>
      <symbol id="sm-76e">
         <name>SysCtlPeripheralEnable</name>
         <value>0x35fd</value>
         <object_component_ref idref="oc-80"/>
      </symbol>
      <symbol id="sm-76f">
         <name>SysCtlClockFreqSet</name>
         <value>0x1e05</value>
         <object_component_ref idref="oc-1ba"/>
      </symbol>
      <symbol id="sm-7ad">
         <name>TimerLoadSet</name>
         <value>0x38f7</value>
         <object_component_ref idref="oc-95"/>
      </symbol>
      <symbol id="sm-7ae">
         <name>TimerDisable</name>
         <value>0x3871</value>
         <object_component_ref idref="oc-86"/>
      </symbol>
      <symbol id="sm-7af">
         <name>TimerEnable</name>
         <value>0x3965</value>
         <object_component_ref idref="oc-a1"/>
      </symbol>
      <symbol id="sm-7b0">
         <name>TimerIntEnable</name>
         <value>0x39d3</value>
         <object_component_ref idref="oc-9b"/>
      </symbol>
      <symbol id="sm-7b1">
         <name>TimerConfigure</name>
         <value>0x31d5</value>
         <object_component_ref idref="oc-8c"/>
      </symbol>
      <symbol id="sm-7b2">
         <name>TimerIntClear</name>
         <value>0x21fd</value>
         <object_component_ref idref="oc-106"/>
      </symbol>
      <symbol id="sm-7c4">
         <name>CPUcpsie</name>
         <value>0x398d</value>
         <object_component_ref idref="oc-277"/>
      </symbol>
      <symbol id="sm-7c5">
         <name>CPUcpsid</name>
         <value>0x3981</value>
         <object_component_ref idref="oc-228"/>
      </symbol>
      <symbol id="sm-7c6">
         <name>__TI_static_base__</name>
         <value>0x0</value>
      </symbol>
      <symbol id="sm-7c9">
         <name>SHT$$INIT_ARRAY$$Limit</name>
         <value>0x0</value>
      </symbol>
      <symbol id="sm-7ca">
         <name>SHT$$INIT_ARRAY$$Base</name>
         <value>0x0</value>
      </symbol>
   </symbol_table>
   <title>Link successful</title>
</link_info>
